▲ Next.js 16.2.9 (Turbopack)
- Local:         http://localhost:3011
- Network:       http://192.168.1.5:3011
- Environments: .env.local, .env
✓ Ready in 667ms
⚠ The "middleware" file convention is deprecated. Please use "proxy" instead. Learn more: https://nextjs.org/docs/messages/middleware-to-proxy
- Experiments (use with caution):
  · proxyClientMaxBodySize: "80mb"

 GET / 200 in 1695ms (next.js: 425ms, application-code: 1270ms)
○ Compiling /animated/w-tidewell ...
 GET /animated/w-tidewell 200 in 4.1s (next.js: 3.9s, application-code: 137ms)
 GET /animated/w-tidewell 200 in 86ms (next.js: 27ms, application-code: 60ms)
 GET /animated/w-tidewell 200 in 56ms (next.js: 7ms, application-code: 49ms)
 GET /animated/w-tidewell 200 in 33ms (next.js: 2ms, application-code: 31ms)
 GET /animated/w-tidewell 200 in 46ms (next.js: 8ms, application-code: 38ms)
 GET /animated/w-lantern 200 in 2.9s (next.js: 2.8s, application-code: 63ms)
 GET /animated/w-lantern 200 in 39ms (next.js: 6ms, application-code: 33ms)
 GET /animated/w-meridian 200 in 2.5s (next.js: 2.5s, application-code: 59ms)
 GET /animated/w-meridian 200 in 26ms (next.js: 1369µs, application-code: 25ms)
 GET /animated/w-bloomhouse 200 in 935ms (next.js: 894ms, application-code: 41ms)
 GET /animated/w-bloomhouse 200 in 25ms (next.js: 1779µs, application-code: 24ms)
 GET /animated/w-bloomhouse 200 in 102ms (next.js: 15ms, application-code: 87ms)
 GET /animated/w-meridian 200 in 34ms (next.js: 6ms, application-code: 28ms)
 GET /animated/w-lantern 200 in 90ms (next.js: 18ms, application-code: 72ms)
 GET /animated/w-tidewell 200 in 42ms (next.js: 13ms, application-code: 30ms)
 GET /animated/w-bloomhouse 200 in 22ms (next.js: 1659µs, application-code: 20ms)
 GET /animated/w-bloomhouse 200 in 44ms (next.js: 7ms, application-code: 37ms)
 GET /animated/w-bloomhouse 200 in 414ms (next.js: 225ms, application-code: 188ms)
 GET /animated/w-bloomhouse 200 in 98ms (next.js: 3ms, application-code: 95ms)
 GET /animated/w-bloomhouse 200 in 69ms (next.js: 5ms, application-code: 65ms)
 GET /animated/w-bloomhouse 200 in 60ms (next.js: 5ms, application-code: 55ms)
 GET /animated/w-bloomhouse 200 in 58ms (next.js: 3ms, application-code: 55ms)
 GET /animated/w-bloomhouse 200 in 117ms (next.js: 1921µs, application-code: 115ms)
 GET /animated/w-bloomhouse 200 in 99ms (next.js: 3ms, application-code: 96ms)
 GET /animated/w-bloomhouse 200 in 98ms (next.js: 8ms, application-code: 90ms)
 GET /animated/w-bloomhouse 200 in 69ms (next.js: 4ms, application-code: 66ms)
 GET /animated/w-bloomhouse 200 in 46ms (next.js: 3ms, application-code: 43ms)
 GET /animated/w-bloomhouse 200 in 45ms (next.js: 2ms, application-code: 42ms)
 GET /animated/w-bloomhouse 200 in 59ms (next.js: 3ms, application-code: 56ms)
 GET /animated/w-bloomhouse 200 in 58ms (next.js: 1150µs, application-code: 57ms)
 GET /animated/w-bloomhouse 200 in 59ms (next.js: 3ms, application-code: 56ms)
 GET /animated/w-bloomhouse 200 in 56ms (next.js: 2ms, application-code: 53ms)
 GET /animated/w-bloomhouse 200 in 63ms (next.js: 3ms, application-code: 60ms)
 GET /animated/w-bloomhouse 200 in 62ms (next.js: 4ms, application-code: 58ms)
 GET /animated/w-bloomhouse 200 in 57ms (next.js: 5ms, application-code: 52ms)
 GET /animated/w-bloomhouse 200 in 49ms (next.js: 1942µs, application-code: 47ms)
 GET /animated/w-bloomhouse 200 in 55ms (next.js: 4ms, application-code: 50ms)
 GET /animated/w-bloomhouse 200 in 80ms (next.js: 2ms, application-code: 78ms)
 GET /animated/w-bloomhouse 200 in 66ms (next.js: 1772µs, application-code: 64ms)
 GET /animated/w-bloomhouse 200 in 59ms (next.js: 4ms, application-code: 55ms)
 GET /animated/w-bloomhouse 200 in 52ms (next.js: 1763µs, application-code: 50ms)
 GET /animated/w-bloomhouse 200 in 39ms (next.js: 2ms, application-code: 37ms)
 GET /animated/w-bloomhouse 200 in 38ms (next.js: 1311µs, application-code: 37ms)
 GET /animated/w-bloomhouse 200 in 42ms (next.js: 1431µs, application-code: 40ms)
 GET /animated/w-bloomhouse 200 in 41ms (next.js: 1135µs, application-code: 40ms)
 GET /animated/w-bloomhouse 200 in 41ms (next.js: 1471µs, application-code: 40ms)
 GET /animated/w-bloomhouse 200 in 40ms (next.js: 1336µs, application-code: 39ms)
 GET /animated/w-bloomhouse 200 in 48ms (next.js: 1374µs, application-code: 47ms)
 GET /animated/w-bloomhouse 200 in 54ms (next.js: 3ms, application-code: 51ms)
 GET /animated/w-bloomhouse 200 in 55ms (next.js: 3ms, application-code: 52ms)
 GET /animated/w-bloomhouse 200 in 48ms (next.js: 4ms, application-code: 44ms)
 GET /animated/w-bloomhouse 200 in 50ms (next.js: 5ms, application-code: 45ms)
 GET /animated/w-bloomhouse 200 in 64ms (next.js: 1900µs, application-code: 62ms)
 GET /animated/w-bloomhouse 200 in 68ms (next.js: 1698µs, application-code: 66ms)
 GET /animated/w-bloomhouse 200 in 66ms (next.js: 3ms, application-code: 64ms)
 GET /animated/w-bloomhouse 200 in 56ms (next.js: 3ms, application-code: 52ms)
 GET /animated/w-bloomhouse 200 in 55ms (next.js: 3ms, application-code: 53ms)
 GET /animated/w-bloomhouse 200 in 55ms (next.js: 3ms, application-code: 51ms)
 GET /animated/w-bloomhouse 200 in 53ms (next.js: 8ms, application-code: 46ms)
 GET /animated/w-bloomhouse 200 in 62ms (next.js: 2ms, application-code: 60ms)
 GET /animated/w-bloomhouse 200 in 63ms (next.js: 1887µs, application-code: 61ms)
 GET /animated/w-bloomhouse 200 in 62ms (next.js: 4ms, application-code: 58ms)
 GET /animated/w-bloomhouse 200 in 51ms (next.js: 1874µs, application-code: 49ms)
 GET /animated/w-bloomhouse 200 in 54ms (next.js: 1502µs, application-code: 52ms)
 GET /animated/w-bloomhouse 200 in 47ms (next.js: 1983µs, application-code: 45ms)
 GET /animated/w-bloomhouse 200 in 48ms (next.js: 1895µs, application-code: 46ms)
 GET /animated/w-bloomhouse 200 in 43ms (next.js: 3ms, application-code: 41ms)
 GET /animated/w-bloomhouse 200 in 45ms (next.js: 1184µs, application-code: 43ms)
 GET /animated/w-bloomhouse 200 in 42ms (next.js: 1018µs, application-code: 41ms)
 GET /animated/w-bloomhouse 200 in 42ms (next.js: 2ms, application-code: 40ms)
 GET /animated/w-bloomhouse 200 in 39ms (next.js: 1872µs, application-code: 37ms)
 GET /animated/w-bloomhouse 200 in 40ms (next.js: 2ms, application-code: 38ms)
 GET /animated/w-bloomhouse 200 in 44ms (next.js: 1588µs, application-code: 42ms)
 GET /animated/w-bloomhouse 200 in 44ms (next.js: 1762µs, application-code: 42ms)
 GET /animated/w-bloomhouse 200 in 45ms (next.js: 1540µs, application-code: 44ms)
 GET /animated/w-bloomhouse 200 in 46ms (next.js: 1577µs, application-code: 45ms)
 GET /animated/w-bloomhouse 200 in 47ms (next.js: 1787µs, application-code: 45ms)
 GET /animated/w-bloomhouse 200 in 43ms (next.js: 2ms, application-code: 41ms)
 GET /animated/w-bloomhouse 200 in 41ms (next.js: 1687µs, application-code: 40ms)
 GET /animated/w-bloomhouse 200 in 47ms (next.js: 1143µs, application-code: 46ms)
 GET /animated/w-bloomhouse 200 in 50ms (next.js: 1666µs, application-code: 48ms)
 GET /animated/w-bloomhouse 200 in 50ms (next.js: 4ms, application-code: 46ms)
 GET /animated/w-bloomhouse 200 in 43ms (next.js: 3ms, application-code: 40ms)
 GET /animated/w-bloomhouse 200 in 42ms (next.js: 1443µs, application-code: 41ms)
 GET /animated/w-bloomhouse 200 in 45ms (next.js: 2ms, application-code: 43ms)
 GET /animated/w-bloomhouse 200 in 45ms (next.js: 1152µs, application-code: 44ms)
 GET /animated/w-bloomhouse 200 in 47ms (next.js: 1806µs, application-code: 45ms)
 GET /animated/w-bloomhouse 200 in 50ms (next.js: 1125µs, application-code: 49ms)
 GET /animated/w-bloomhouse 200 in 56ms (next.js: 2ms, application-code: 54ms)
 GET /animated/w-bloomhouse 200 in 58ms (next.js: 2ms, application-code: 55ms)
 GET /animated/w-bloomhouse 200 in 18ms (next.js: 1876µs, application-code: 16ms)
 GET /animated/w-bloomhouse 200 in 38ms (next.js: 3ms, application-code: 35ms)
 GET /animated/w-bloomhouse 200 in 55ms (next.js: 2ms, application-code: 53ms)
 GET /animated/w-lantern 200 in 163ms (next.js: 19ms, application-code: 144ms)
 GET /animated/w-emberroad 200 in 3.1s (next.js: 3.0s, application-code: 49ms)
 GET /animated/w-emberroad 200 in 107ms (next.js: 8ms, application-code: 99ms)
 GET /animated/w-lantern 200 in 57ms (next.js: 6ms, application-code: 51ms)
 GET /animated/w-lantern 200 in 42ms (next.js: 4ms, application-code: 38ms)
 GET /animated/w-lantern 200 in 231ms (next.js: 149ms, application-code: 82ms)
 GET /animated/w-lantern 200 in 74ms (next.js: 3ms, application-code: 71ms)
 GET /animated/w-lantern 200 in 76ms (next.js: 3ms, application-code: 73ms)
 GET /animated/w-lantern 200 in 74ms (next.js: 1581µs, application-code: 72ms)
 GET /animated/w-lantern 200 in 83ms (next.js: 1994µs, application-code: 81ms)
 GET /animated/w-lantern 200 in 84ms (next.js: 2ms, application-code: 82ms)
 GET /animated/w-lantern 200 in 76ms (next.js: 9ms, application-code: 66ms)
 GET /animated/w-lantern 200 in 66ms (next.js: 2ms, application-code: 64ms)
 GET /animated/w-lantern 200 in 62ms (next.js: 3ms, application-code: 59ms)
 GET /animated/w-lantern 200 in 63ms (next.js: 1929µs, application-code: 61ms)
 GET /animated/w-lantern 200 in 63ms (next.js: 2ms, application-code: 61ms)
 GET /animated/w-lantern 200 in 54ms (next.js: 1579µs, application-code: 53ms)
 GET /animated/w-lantern 200 in 51ms (next.js: 6ms, application-code: 45ms)
 GET /animated/w-lantern 200 in 44ms (next.js: 1252µs, application-code: 43ms)
 GET /animated/w-lantern 200 in 48ms (next.js: 1640µs, application-code: 47ms)
 GET /animated/w-lantern 200 in 46ms (next.js: 4ms, application-code: 42ms)
 GET /animated/w-lantern 200 in 46ms (next.js: 2ms, application-code: 44ms)
 GET /animated/w-lantern 200 in 46ms (next.js: 1610µs, application-code: 44ms)
 GET /animated/w-lantern 200 in 48ms (next.js: 1310µs, application-code: 46ms)
 GET /animated/w-lantern 200 in 48ms (next.js: 4ms, application-code: 44ms)
 GET /animated/w-lantern 200 in 47ms (next.js: 1609µs, application-code: 46ms)
 GET /animated/w-lantern 200 in 46ms (next.js: 2ms, application-code: 43ms)
 GET /animated/w-lantern 200 in 48ms (next.js: 3ms, application-code: 45ms)
 GET /animated/w-lantern 200 in 47ms (next.js: 4ms, application-code: 44ms)
 GET /animated/w-lantern 200 in 51ms (next.js: 3ms, application-code: 48ms)
 GET /animated/w-lantern 200 in 48ms (next.js: 1789µs, application-code: 46ms)
 GET /animated/w-lantern 200 in 47ms (next.js: 3ms, application-code: 45ms)
 GET /animated/w-lantern 200 in 43ms (next.js: 3ms, application-code: 40ms)
 GET /animated/w-lantern 200 in 52ms (next.js: 1190µs, application-code: 50ms)
 GET /animated/w-lantern 200 in 68ms (next.js: 1078µs, application-code: 67ms)
 GET /animated/w-lantern 200 in 71ms (next.js: 3ms, application-code: 67ms)
 GET /animated/w-lantern 200 in 59ms (next.js: 1357µs, application-code: 58ms)
 GET /animated/w-lantern 200 in 42ms (next.js: 1105µs, application-code: 41ms)
 GET /animated/w-lantern 200 in 40ms (next.js: 1746µs, application-code: 38ms)
 GET /animated/w-lantern 200 in 55ms (next.js: 1672µs, application-code: 53ms)
 GET /animated/w-lantern 200 in 42ms (next.js: 2ms, application-code: 40ms)
 GET /animated/w-lantern 200 in 40ms (next.js: 3ms, application-code: 37ms)
 GET /animated/w-lantern 200 in 36ms (next.js: 1608µs, application-code: 34ms)
 GET /animated/w-lantern 200 in 41ms (next.js: 906µs, application-code: 40ms)
 GET /animated/w-lantern 200 in 44ms (next.js: 1237µs, application-code: 43ms)
 GET /animated/w-lantern 200 in 42ms (next.js: 2ms, application-code: 40ms)
 GET /animated/w-lantern 200 in 37ms (next.js: 2ms, application-code: 35ms)
 GET /animated/w-lantern 200 in 41ms (next.js: 2ms, application-code: 38ms)
 GET /animated/w-lantern 200 in 41ms (next.js: 1407µs, application-code: 40ms)
 GET /animated/w-lantern 200 in 40ms (next.js: 1030µs, application-code: 39ms)
 GET /animated/w-lantern 200 in 35ms (next.js: 1691µs, application-code: 33ms)
 GET /animated/w-lantern 200 in 38ms (next.js: 1415µs, application-code: 37ms)
 GET /animated/w-lantern 200 in 39ms (next.js: 1228µs, application-code: 38ms)
 GET /animated/w-lantern 200 in 42ms (next.js: 1813µs, application-code: 40ms)
 GET /animated/w-lantern 200 in 38ms (next.js: 1569µs, application-code: 37ms)
 GET /animated/w-lantern 200 in 45ms (next.js: 1465µs, application-code: 43ms)
 GET /animated/w-lantern 200 in 44ms (next.js: 3ms, application-code: 42ms)
 GET /animated/w-lantern 200 in 45ms (next.js: 1556µs, application-code: 44ms)
 GET /animated/w-lantern 200 in 57ms (next.js: 3ms, application-code: 54ms)
 GET /animated/w-lantern 200 in 61ms (next.js: 1602µs, application-code: 60ms)
 GET /animated/w-lantern 200 in 49ms (next.js: 3ms, application-code: 46ms)
 GET /animated/w-lantern 200 in 49ms (next.js: 1876µs, application-code: 48ms)
 GET /animated/w-lantern 200 in 48ms (next.js: 1302µs, application-code: 47ms)
 GET /animated/w-lantern 200 in 49ms (next.js: 3ms, application-code: 46ms)
 GET /animated/w-lantern 200 in 57ms (next.js: 1920µs, application-code: 55ms)
 GET /animated/w-lantern 200 in 42ms (next.js: 2ms, application-code: 40ms)
 GET /animated/w-lantern 200 in 40ms (next.js: 1306µs, application-code: 39ms)
 GET /animated/w-lantern 200 in 43ms (next.js: 1639µs, application-code: 41ms)
 GET /animated/w-lantern 200 in 40ms (next.js: 1938µs, application-code: 38ms)
 GET /animated/w-lantern 200 in 38ms (next.js: 1416µs, application-code: 36ms)
 GET /animated/w-lantern 200 in 38ms (next.js: 2ms, application-code: 35ms)
 GET /animated/w-lantern 200 in 39ms (next.js: 1516µs, application-code: 38ms)
 GET /animated/w-lantern 200 in 40ms (next.js: 3ms, application-code: 37ms)
 GET /animated/w-lantern 200 in 40ms (next.js: 1511µs, application-code: 38ms)
 GET /animated/w-lantern 200 in 38ms (next.js: 1141µs, application-code: 37ms)
 GET /animated/w-lantern 200 in 43ms (next.js: 1335µs, application-code: 41ms)
 GET /animated/w-lantern 200 in 43ms (next.js: 1782µs, application-code: 41ms)
 GET /animated/w-lantern 200 in 31ms (next.js: 3ms, application-code: 28ms)
 GET /animated/w-lantern 200 in 46ms (next.js: 1684µs, application-code: 44ms)
 GET /animated/w-lantern 200 in 46ms (next.js: 1795µs, application-code: 44ms)
 GET /animated/w-lantern 200 in 46ms (next.js: 2ms, application-code: 44ms)
 GET /animated/w-lantern 200 in 41ms (next.js: 1165µs, application-code: 39ms)
 GET /animated/w-lantern 200 in 29ms (next.js: 1188µs, application-code: 28ms)
 GET /animated/w-lantern 200 in 40ms (next.js: 1271µs, application-code: 39ms)
 GET /animated/w-lantern 200 in 37ms (next.js: 2ms, application-code: 35ms)
 GET /animated/w-lantern 200 in 36ms (next.js: 1143µs, application-code: 35ms)
 GET /animated/w-lantern 200 in 35ms (next.js: 1025µs, application-code: 34ms)
 GET /animated/w-lantern 200 in 39ms (next.js: 1247µs, application-code: 38ms)
 GET /animated/w-lantern 200 in 40ms (next.js: 1285µs, application-code: 39ms)
 GET /animated/w-lantern 200 in 40ms (next.js: 1475µs, application-code: 38ms)
 GET /animated/w-lantern 200 in 36ms (next.js: 3ms, application-code: 33ms)
 GET /animated/w-lantern 200 in 36ms (next.js: 1458µs, application-code: 35ms)
 GET /animated/w-lantern 200 in 39ms (next.js: 969µs, application-code: 38ms)
 GET /animated/w-lantern 200 in 40ms (next.js: 1409µs, application-code: 39ms)
 GET /animated/w-lantern 200 in 36ms (next.js: 1924µs, application-code: 34ms)
 GET /animated/w-lantern 200 in 24ms (next.js: 1301µs, application-code: 23ms)
 GET /animated/w-lantern 200 in 13ms (next.js: 1240µs, application-code: 12ms)
 GET /animated/w-lantern 200 in 197ms (next.js: 148ms, application-code: 49ms)
 GET /animated/w-lantern 200 in 40ms (next.js: 1076µs, application-code: 39ms)
 GET /animated/w-lantern 200 in 41ms (next.js: 1149µs, application-code: 40ms)
 GET /animated/w-lantern 200 in 42ms (next.js: 1159µs, application-code: 41ms)
 GET /animated/w-lantern 200 in 43ms (next.js: 1030µs, application-code: 42ms)
 GET /animated/w-lantern 200 in 55ms (next.js: 1302µs, application-code: 54ms)
 GET /animated/w-lantern 200 in 83ms (next.js: 1478µs, application-code: 82ms)
 GET /animated/w-lantern 200 in 106ms (next.js: 1641µs, application-code: 104ms)
 GET /animated/w-lantern 200 in 88ms (next.js: 6ms, application-code: 82ms)
 GET /animated/w-lantern 200 in 65ms (next.js: 7ms, application-code: 58ms)
 GET /animated/w-lantern 200 in 61ms (next.js: 7ms, application-code: 54ms)
 GET /animated/w-lantern 200 in 65ms (next.js: 1606µs, application-code: 64ms)
 GET /animated/w-lantern 200 in 153ms (next.js: 2ms, application-code: 151ms)
 GET /animated/w-lantern 200 in 139ms (next.js: 3ms, application-code: 136ms)
 GET /animated/w-lantern 200 in 148ms (next.js: 1828µs, application-code: 146ms)
 GET /animated/w-lantern 200 in 150ms (next.js: 3ms, application-code: 147ms)
 GET /animated/w-lantern 200 in 73ms (next.js: 5ms, application-code: 68ms)
 GET /animated/w-lantern 200 in 69ms (next.js: 4ms, application-code: 64ms)
 GET /animated/w-lantern 200 in 89ms (next.js: 3ms, application-code: 86ms)
 GET /animated/w-lantern 200 in 85ms (next.js: 1839µs, application-code: 83ms)
 GET /animated/w-lantern 200 in 81ms (next.js: 4ms, application-code: 77ms)
 GET /animated/w-lantern 200 in 68ms (next.js: 5ms, application-code: 63ms)
 GET /animated/w-lantern 200 in 89ms (next.js: 1985µs, application-code: 87ms)
 GET /animated/w-lantern 200 in 91ms (next.js: 2ms, application-code: 89ms)
 GET /animated/w-lantern 200 in 104ms (next.js: 7ms, application-code: 97ms)
 GET /animated/w-lantern 200 in 76ms (next.js: 4ms, application-code: 73ms)
 GET /animated/w-lantern 200 in 97ms (next.js: 1772µs, application-code: 95ms)
 GET /animated/w-lantern 200 in 117ms (next.js: 8ms, application-code: 109ms)
 GET /animated/w-lantern 200 in 114ms (next.js: 12ms, application-code: 102ms)
 GET /animated/w-lantern 200 in 89ms (next.js: 8ms, application-code: 81ms)
 GET /animated/w-lantern 200 in 68ms (next.js: 5ms, application-code: 63ms)
 GET /animated/w-lantern 200 in 51ms (next.js: 5ms, application-code: 46ms)
 GET /animated/w-lantern 200 in 52ms (next.js: 1211µs, application-code: 51ms)
 GET /animated/w-lantern 200 in 59ms (next.js: 1568µs, application-code: 57ms)
 GET /animated/w-lantern 200 in 67ms (next.js: 1372µs, application-code: 65ms)
 GET /animated/w-lantern 200 in 63ms (next.js: 2ms, application-code: 60ms)
 GET /animated/w-lantern 200 in 54ms (next.js: 1546µs, application-code: 53ms)
 GET /animated/w-lantern 200 in 53ms (next.js: 6ms, application-code: 46ms)
 GET /animated/w-lantern 200 in 52ms (next.js: 1339µs, application-code: 51ms)
 GET /animated/w-lantern 200 in 56ms (next.js: 3ms, application-code: 53ms)
 GET /animated/w-lantern 200 in 67ms (next.js: 3ms, application-code: 64ms)
 GET /animated/w-lantern 200 in 30ms (next.js: 1714µs, application-code: 28ms)
 GET /animated/w-lantern 200 in 50ms (next.js: 4ms, application-code: 46ms)
 GET /animated/w-lantern 200 in 18ms (next.js: 1349µs, application-code: 17ms)
 GET /animated/w-hollow 200 in 2.0s (next.js: 1960ms, application-code: 68ms)
 GET /animated/w-frost 200 in 1586ms (next.js: 1521ms, application-code: 65ms)
 GET /animated/w-hollow 200 in 44ms (next.js: 2ms, application-code: 42ms)
 GET /animated/w-bloomhouse 200 in 85ms (next.js: 15ms, application-code: 70ms)
 GET /animated/w-frost 200 in 124ms (next.js: 29ms, application-code: 95ms)
 GET /animated/w-lantern 200 in 48ms (next.js: 6ms, application-code: 42ms)
 GET /animated/w-hollow 200 in 54ms (next.js: 10ms, application-code: 43ms)
 GET /animated/w-frost 200 in 74ms (next.js: 6ms, application-code: 68ms)
 GET /animated/w-lantern 200 in 98ms (next.js: 21ms, application-code: 77ms)
 GET /animated/w-bloomhouse 200 in 50ms (next.js: 7ms, application-code: 43ms)
 GET /animated/w-emberroad 200 in 77ms (next.js: 24ms, application-code: 53ms)
 GET /animated/w-hollow 200 in 77ms (next.js: 10ms, application-code: 67ms)
 GET /animated/w-meridian 200 in 84ms (next.js: 24ms, application-code: 60ms)
 GET /animated/w-tidewell 200 in 61ms (next.js: 20ms, application-code: 41ms)
 GET /animated/w-frost 200 in 58ms (next.js: 8ms, application-code: 50ms)
 GET /animated/w-emberroad 200 in 99ms (next.js: 12ms, application-code: 86ms)
 GET /animated/w-bloomhouse 200 in 79ms (next.js: 9ms, application-code: 70ms)
 GET /animated/w-bloomhouse 200 in 104ms (next.js: 59ms, application-code: 45ms)
 GET /animated/w-bloomhouse 200 in 41ms (next.js: 1891µs, application-code: 39ms)
 GET /animated/w-meridian 200 in 211ms (next.js: 37ms, application-code: 174ms)
 GET /animated/w-frost 200 in 133ms (next.js: 62ms, application-code: 71ms)
 GET /animated/w-emberroad 200 in 79ms (next.js: 21ms, application-code: 58ms)
 GET /animated/w-frost 200 in 63ms (next.js: 13ms, application-code: 50ms)
 GET /animated/w-emberroad 200 in 84ms (next.js: 9ms, application-code: 75ms)
 GET /animated/w-emberroad 200 in 63ms (next.js: 11ms, application-code: 52ms)
 GET /animated/w-emberroad 200 in 89ms (next.js: 45ms, application-code: 44ms)
 GET /animated/w-emberroad 200 in 57ms (next.js: 7ms, application-code: 50ms)
 GET /animated/w-emberroad 200 in 30ms (next.js: 1168µs, application-code: 29ms)
 GET /animated/w-meridian 200 in 60ms (next.js: 17ms, application-code: 43ms)
 GET /animated/w-meridian 200 in 35ms (next.js: 2ms, application-code: 32ms)
 GET /animated/w-meridian 200 in 85ms (next.js: 9ms, application-code: 76ms)
 GET /animated/w-tidewell 200 in 67ms (next.js: 24ms, application-code: 43ms)
 GET /animated/w-frost 200 in 137ms (next.js: 34ms, application-code: 104ms)
 GET /animated/w-frost 200 in 217ms (next.js: 113ms, application-code: 104ms)
✓ Compiled in 220ms
 GET /animated/w-frost 200 in 154ms (next.js: 75ms, application-code: 79ms)
 GET /animated/w-emberfall 200 in 2.5s (next.js: 2.4s, application-code: 52ms)
 GET /animated/w-emberfall 200 in 47ms (next.js: 6ms, application-code: 42ms)
 GET /animated/w-frost 200 in 77ms (next.js: 21ms, application-code: 56ms)
 GET /animated/w-emberfall 200 in 70ms (next.js: 10ms, application-code: 60ms)
 GET /animated/w-frost 200 in 155ms (next.js: 14ms, application-code: 141ms)
 GET /animated/w-nomad 200 in 2.6s (next.js: 2.5s, application-code: 116ms)
 GET /animated/w-nomad 200 in 103ms (next.js: 11ms, application-code: 93ms)
 GET /animated/w-nomad 200 in 385ms (next.js: 203ms, application-code: 182ms)
 GET /animated/w-nomad 200 in 137ms (next.js: 1985µs, application-code: 135ms)
 GET /animated/w-nomad 200 in 149ms (next.js: 2ms, application-code: 147ms)
 GET /animated/w-nomad 200 in 124ms (next.js: 5ms, application-code: 120ms)
 GET /animated/w-nomad 200 in 96ms (next.js: 8ms, application-code: 88ms)
 GET /animated/w-nomad 200 in 90ms (next.js: 2ms, application-code: 88ms)
 GET /animated/w-nomad 200 in 104ms (next.js: 3ms, application-code: 101ms)
 GET /animated/w-nomad 200 in 92ms (next.js: 4ms, application-code: 88ms)
 GET /animated/w-nomad 200 in 89ms (next.js: 3ms, application-code: 85ms)
 GET /animated/w-nomad 200 in 73ms (next.js: 4ms, application-code: 69ms)
 GET /animated/w-nomad 200 in 84ms (next.js: 7ms, application-code: 78ms)
 GET /animated/w-nomad 200 in 74ms (next.js: 2ms, application-code: 72ms)
 GET /animated/w-nomad 200 in 79ms (next.js: 3ms, application-code: 76ms)
 GET /animated/w-nomad 200 in 64ms (next.js: 4ms, application-code: 60ms)
 GET /animated/w-nomad 200 in 56ms (next.js: 5ms, application-code: 51ms)
 GET /animated/w-nomad 200 in 49ms (next.js: 3ms, application-code: 46ms)
 GET /animated/w-nomad 200 in 44ms (next.js: 1585µs, application-code: 43ms)
 GET /animated/w-nomad 200 in 43ms (next.js: 2ms, application-code: 41ms)
 GET /animated/w-nomad 200 in 152ms (next.js: 1536µs, application-code: 151ms)
 GET /animated/w-nomad 200 in 191ms (next.js: 3ms, application-code: 188ms)
 GET /animated/w-nomad 200 in 224ms (next.js: 1665µs, application-code: 223ms)
 GET /animated/w-nomad 200 in 100ms (next.js: 8ms, application-code: 92ms)
 GET /animated/w-nomad 200 in 70ms (next.js: 4ms, application-code: 66ms)
 GET /animated/w-nomad 200 in 61ms (next.js: 4ms, application-code: 57ms)
 GET /animated/w-nomad 200 in 86ms (next.js: 2ms, application-code: 84ms)
 GET /animated/w-nomad 200 in 70ms (next.js: 2ms, application-code: 68ms)
 GET /animated/w-nomad 200 in 87ms (next.js: 3ms, application-code: 84ms)
 GET /animated/w-nomad 200 in 111ms (next.js: 4ms, application-code: 107ms)
 GET /animated/w-nomad 200 in 59ms (next.js: 2ms, application-code: 56ms)
 GET /animated/w-frost 200 in 99ms (next.js: 17ms, application-code: 83ms)
 GET /animated/w-emberfall 200 in 108ms (next.js: 11ms, application-code: 97ms)
○ Compiling /animated/w-serein ...
 GET /animated/w-serein 200 in 3.4s (next.js: 3.4s, application-code: 71ms)
 GET /animated/w-marrow 200 in 1019ms (next.js: 978ms, application-code: 42ms)
 GET /animated/w-serein 200 in 52ms (next.js: 10ms, application-code: 42ms)
 GET /animated/w-marrow 200 in 59ms (next.js: 3ms, application-code: 55ms)
 GET /animated/w-nomad 200 in 119ms (next.js: 6ms, application-code: 113ms)
 GET /animated/w-serein 200 in 199ms (next.js: 91ms, application-code: 108ms)
 GET /animated/w-voyage 200 in 2.4s (next.js: 2.3s, application-code: 63ms)
 GET /animated/w-voyage 200 in 56ms (next.js: 6ms, application-code: 50ms)
 GET / 200 in 138ms (next.js: 18ms, application-code: 120ms)
 GET /animated/w-nomad 200 in 65ms (next.js: 8ms, application-code: 57ms)
 GET /animated/w-serein 200 in 67ms (next.js: 11ms, application-code: 56ms)
 GET /animated/w-marrow 200 in 64ms (next.js: 14ms, application-code: 50ms)
 GET /animated/w-marrow 200 in 220ms (next.js: 97ms, application-code: 123ms)
 GET / 200 in 156ms (next.js: 28ms, application-code: 128ms)
 GET /animated/w-marrow 200 in 31ms (next.js: 5ms, application-code: 27ms)
 GET /animated/w-marrow 200 in 75ms (next.js: 7ms, application-code: 68ms)
 GET /animated/w-reef 200 in 2.1s (next.js: 2.1s, application-code: 53ms)
 GET /animated/w-reef 200 in 129ms (next.js: 24ms, application-code: 105ms)
 GET /animated/w-voyage 200 in 126ms (next.js: 36ms, application-code: 90ms)
 GET /animated/w-marrow 200 in 76ms (next.js: 9ms, application-code: 67ms)
 GET /animated/w-reef 200 in 69ms (next.js: 9ms, application-code: 60ms)
 GET /animated/w-marrow 200 in 97ms (next.js: 11ms, application-code: 86ms)
 GET /animated/w-marrow 200 in 74ms (next.js: 13ms, application-code: 62ms)
 GET /animated/w-marrow 200 in 60ms (next.js: 11ms, application-code: 49ms)
 GET /animated/w-abyss 200 in 2.5s (next.js: 2.4s, application-code: 99ms)
 GET /animated/w-marrow 200 in 135ms (next.js: 70ms, application-code: 66ms)
 GET /animated/w-abyss 200 in 139ms (next.js: 28ms, application-code: 111ms)
 GET /animated/w-abyss 200 in 515ms (next.js: 321ms, application-code: 194ms)
 GET /animated/w-marrow 200 in 514ms (next.js: 196ms, application-code: 319ms)
 GET /animated/w-abyss 200 in 205ms (next.js: 5ms, application-code: 201ms)
 GET /animated/w-marrow 200 in 243ms (next.js: 7ms, application-code: 236ms)
 GET /animated/w-abyss 200 in 302ms (next.js: 9ms, application-code: 293ms)
 GET /animated/w-marrow 200 in 285ms (next.js: 6ms, application-code: 279ms)
 GET /animated/w-abyss 200 in 278ms (next.js: 5ms, application-code: 272ms)
 GET /animated/w-marrow 200 in 281ms (next.js: 6ms, application-code: 276ms)
 GET /animated/w-abyss 200 in 257ms (next.js: 26ms, application-code: 231ms)
 GET /animated/w-marrow 200 in 165ms (next.js: 14ms, application-code: 152ms)
 GET /animated/w-abyss 200 in 206ms (next.js: 5ms, application-code: 201ms)
 GET /animated/w-marrow 200 in 252ms (next.js: 5ms, application-code: 247ms)
 GET /animated/w-abyss 200 in 221ms (next.js: 9ms, application-code: 212ms)
 GET /animated/w-marrow 200 in 246ms (next.js: 30ms, application-code: 216ms)
 GET /animated/w-marrow 200 in 225ms (next.js: 7ms, application-code: 218ms)
 GET /animated/w-abyss 200 in 235ms (next.js: 49ms, application-code: 186ms)
 GET /animated/w-abyss 200 in 233ms (next.js: 31ms, application-code: 202ms)
 GET /animated/w-marrow 200 in 237ms (next.js: 3ms, application-code: 234ms)
 GET /animated/w-abyss 200 in 357ms (next.js: 3ms, application-code: 354ms)
 GET /animated/w-marrow 200 in 364ms (next.js: 4ms, application-code: 360ms)
 GET /animated/w-abyss 200 in 535ms (next.js: 17ms, application-code: 518ms)
 GET /animated/w-marrow 200 in 541ms (next.js: 30ms, application-code: 511ms)
 GET /animated/w-abyss 200 in 484ms (next.js: 12ms, application-code: 472ms)
 GET /animated/w-marrow 200 in 509ms (next.js: 60ms, application-code: 448ms)
 GET /animated/w-abyss 200 in 422ms (next.js: 9ms, application-code: 413ms)
 GET /animated/w-marrow 200 in 465ms (next.js: 7ms, application-code: 457ms)
 GET /animated/w-abyss 200 in 278ms (next.js: 6ms, application-code: 272ms)
 GET /animated/w-marrow 200 in 289ms (next.js: 23ms, application-code: 266ms)
 GET /animated/w-voyage 200 in 639ms (next.js: 56ms, application-code: 584ms)
 GET /animated/w-abyss 200 in 391ms (next.js: 14ms, application-code: 377ms)
 GET /animated/w-marrow 200 in 430ms (next.js: 44ms, application-code: 386ms)
 GET /animated/w-abyss 200 in 421ms (next.js: 105ms, application-code: 316ms)
 GET /animated/w-marrow 200 in 376ms (next.js: 34ms, application-code: 342ms)
 GET /animated/w-marrow 200 in 366ms (next.js: 24ms, application-code: 342ms)
 GET /animated/w-abyss 200 in 369ms (next.js: 61ms, application-code: 308ms)
 GET /animated/w-marrow 200 in 236ms (next.js: 3ms, application-code: 233ms)
 GET /animated/w-abyss 200 in 238ms (next.js: 20ms, application-code: 218ms)
 GET /animated/w-marrow 200 in 262ms (next.js: 16ms, application-code: 246ms)
 GET /animated/w-abyss 200 in 264ms (next.js: 29ms, application-code: 235ms)
 GET /animated/w-abyss 200 in 271ms (next.js: 28ms, application-code: 243ms)
 GET /animated/w-marrow 200 in 273ms (next.js: 4ms, application-code: 270ms)
 GET /animated/w-abyss 200 in 246ms (next.js: 34ms, application-code: 212ms)
 GET /animated/w-marrow 200 in 249ms (next.js: 17ms, application-code: 233ms)
 GET /animated/w-marrow 200 in 199ms (next.js: 7ms, application-code: 191ms)
 GET /animated/w-abyss 200 in 199ms (next.js: 30ms, application-code: 169ms)
 GET /animated/w-marrow 200 in 184ms (next.js: 6ms, application-code: 178ms)
 GET /animated/w-abyss 200 in 187ms (next.js: 22ms, application-code: 164ms)
 GET /animated/w-marrow 200 in 174ms (next.js: 5ms, application-code: 169ms)
 GET /animated/w-abyss 200 in 174ms (next.js: 17ms, application-code: 157ms)
 GET /animated/w-abyss 200 in 166ms (next.js: 14ms, application-code: 151ms)
 GET /animated/w-marrow 200 in 167ms (next.js: 3ms, application-code: 164ms)
 GET /animated/w-marrow 200 in 169ms (next.js: 8ms, application-code: 161ms)
 GET /animated/w-abyss 200 in 169ms (next.js: 27ms, application-code: 142ms)
 GET /animated/w-marrow 200 in 148ms (next.js: 6ms, application-code: 142ms)
 GET /animated/w-abyss 200 in 149ms (next.js: 16ms, application-code: 133ms)
 GET /animated/w-abyss 200 in 158ms (next.js: 20ms, application-code: 138ms)
 GET /animated/w-marrow 200 in 160ms (next.js: 5ms, application-code: 156ms)
 GET /animated/w-marrow 200 in 142ms (next.js: 3ms, application-code: 139ms)
 GET /animated/w-abyss 200 in 144ms (next.js: 17ms, application-code: 127ms)
 GET /animated/w-abyss 200 in 32ms (next.js: 8ms, application-code: 24ms)
 GET /animated/w-abyss 200 in 272ms (next.js: 27ms, application-code: 245ms)
 GET /animated/w-abyss 200 in 203ms (next.js: 7ms, application-code: 196ms)
 GET /animated/w-marrow 200 in 273ms (next.js: 2ms, application-code: 271ms)
 GET /animated/w-marrow 200 in 234ms (next.js: 2ms, application-code: 232ms)
 GET /animated/w-marrow 200 in 204ms (next.js: 85ms, application-code: 119ms)
 GET /animated/w-marrow 200 in 49ms (next.js: 7ms, application-code: 42ms)
 GET /animated/w-marrow 200 in 47ms (next.js: 1963µs, application-code: 45ms)
 GET /animated/w-marrow 200 in 45ms (next.js: 2ms, application-code: 43ms)
 GET /animated/w-marrow 200 in 44ms (next.js: 1501µs, application-code: 43ms)
 GET /animated/w-marrow 200 in 38ms (next.js: 2ms, application-code: 36ms)
 GET /animated/w-marrow 200 in 42ms (next.js: 1291µs, application-code: 40ms)
 GET /animated/w-marrow 200 in 40ms (next.js: 1357µs, application-code: 38ms)
 GET /animated/w-marrow 200 in 41ms (next.js: 1461µs, application-code: 40ms)
 GET /animated/w-marrow 200 in 37ms (next.js: 1324µs, application-code: 36ms)
 GET /animated/w-marrow 200 in 40ms (next.js: 1569µs, application-code: 38ms)
 GET /animated/w-marrow 200 in 40ms (next.js: 1622µs, application-code: 38ms)
 GET /animated/w-marrow 200 in 39ms (next.js: 2ms, application-code: 37ms)
 GET /animated/w-marrow 200 in 40ms (next.js: 2ms, application-code: 38ms)
 GET /animated/w-marrow 200 in 45ms (next.js: 1578µs, application-code: 44ms)
 GET /animated/w-marrow 200 in 46ms (next.js: 3ms, application-code: 43ms)
 GET /animated/w-marrow 200 in 43ms (next.js: 5ms, application-code: 38ms)
 GET /animated/w-marrow 200 in 35ms (next.js: 1521µs, application-code: 34ms)
 GET /animated/w-marrow 200 in 39ms (next.js: 994µs, application-code: 38ms)
 GET /animated/w-marrow 200 in 47ms (next.js: 1567µs, application-code: 46ms)
 GET /animated/w-marrow 200 in 55ms (next.js: 1440µs, application-code: 53ms)
 GET /animated/w-marrow 200 in 53ms (next.js: 3ms, application-code: 50ms)
 GET /animated/w-marrow 200 in 48ms (next.js: 1197µs, application-code: 47ms)
 GET /animated/w-marrow 200 in 42ms (next.js: 1149µs, application-code: 41ms)
 GET /animated/w-marrow 200 in 45ms (next.js: 1107µs, application-code: 44ms)
 GET /animated/w-marrow 200 in 43ms (next.js: 1187µs, application-code: 42ms)
 GET /animated/w-marrow 200 in 52ms (next.js: 3ms, application-code: 49ms)
 GET /animated/w-marrow 200 in 53ms (next.js: 1718µs, application-code: 52ms)
 GET /animated/w-marrow 200 in 61ms (next.js: 1220µs, application-code: 60ms)
 GET /animated/w-marrow 200 in 60ms (next.js: 2ms, application-code: 58ms)
 GET /animated/w-marrow 200 in 84ms (next.js: 2ms, application-code: 81ms)
 GET /animated/w-marrow 200 in 78ms (next.js: 1606µs, application-code: 76ms)
 GET /animated/w-marrow 200 in 75ms (next.js: 1312µs, application-code: 74ms)
 GET /animated/w-marrow 200 in 47ms (next.js: 3ms, application-code: 44ms)
 GET /animated/w-marrow 200 in 53ms (next.js: 2ms, application-code: 51ms)
 GET /animated/w-marrow 200 in 52ms (next.js: 1210µs, application-code: 51ms)
 GET /animated/w-marrow 200 in 54ms (next.js: 1868µs, application-code: 52ms)
 GET /animated/w-marrow 200 in 51ms (next.js: 1822µs, application-code: 50ms)
 GET /animated/w-marrow 200 in 55ms (next.js: 1405µs, application-code: 53ms)
 GET /animated/w-marrow 200 in 62ms (next.js: 4ms, application-code: 58ms)
 GET /animated/w-marrow 200 in 60ms (next.js: 1193µs, application-code: 59ms)
 GET /animated/w-marrow 200 in 63ms (next.js: 3ms, application-code: 60ms)
 GET /animated/w-marrow 200 in 65ms (next.js: 1225µs, application-code: 64ms)
 GET /animated/w-marrow 200 in 61ms (next.js: 3ms, application-code: 57ms)
 GET /animated/w-marrow 200 in 55ms (next.js: 6ms, application-code: 49ms)
 GET /animated/w-marrow 200 in 38ms (next.js: 1091µs, application-code: 37ms)
 GET /animated/w-marrow 200 in 42ms (next.js: 1186µs, application-code: 41ms)
 GET /animated/w-marrow 200 in 42ms (next.js: 2ms, application-code: 40ms)
 GET /animated/w-marrow 200 in 43ms (next.js: 1795µs, application-code: 41ms)
 GET /animated/w-marrow 200 in 40ms (next.js: 1004µs, application-code: 39ms)
 GET /animated/w-marrow 200 in 41ms (next.js: 1534µs, application-code: 40ms)
 GET /animated/w-marrow 200 in 39ms (next.js: 1123µs, application-code: 37ms)
 GET /animated/w-marrow 200 in 39ms (next.js: 1027µs, application-code: 38ms)
 GET /animated/w-marrow 200 in 35ms (next.js: 1010µs, application-code: 34ms)
 GET /animated/w-marrow 200 in 39ms (next.js: 1768µs, application-code: 38ms)
 GET /animated/w-marrow 200 in 40ms (next.js: 965µs, application-code: 39ms)
 GET /animated/w-marrow 200 in 41ms (next.js: 2ms, application-code: 39ms)
 GET /animated/w-marrow 200 in 39ms (next.js: 1272µs, application-code: 37ms)
 GET /animated/w-marrow 200 in 39ms (next.js: 1032µs, application-code: 38ms)
 GET /animated/w-marrow 200 in 40ms (next.js: 935µs, application-code: 39ms)
 GET /animated/w-marrow 200 in 39ms (next.js: 1601µs, application-code: 38ms)
 GET /animated/w-marrow 200 in 35ms (next.js: 1371µs, application-code: 34ms)
 GET /animated/w-marrow 200 in 38ms (next.js: 1177µs, application-code: 37ms)
 GET /animated/w-marrow 200 in 39ms (next.js: 1363µs, application-code: 38ms)
 GET /animated/w-marrow 200 in 43ms (next.js: 1582µs, application-code: 41ms)
 GET /animated/w-marrow 200 in 41ms (next.js: 1192µs, application-code: 40ms)
 GET /animated/w-marrow 200 in 30ms (next.js: 2ms, application-code: 28ms)
 GET /animated/w-marrow 200 in 16ms (next.js: 1237µs, application-code: 15ms)
 GET /animated/w-marrow 200 in 16ms (next.js: 3ms, application-code: 13ms)
 GET /animated/w-bazaar 200 in 1782ms (next.js: 1741ms, application-code: 41ms)
 GET /animated/w-bazaar 200 in 36ms (next.js: 1456µs, application-code: 35ms)
 GET /animated/w-reef 200 in 69ms (next.js: 12ms, application-code: 57ms)
 GET /animated/w-reef 200 in 264ms (next.js: 199ms, application-code: 65ms)
 GET /animated/w-reef 200 in 42ms (next.js: 1297µs, application-code: 41ms)
 GET /animated/w-reef 200 in 42ms (next.js: 1571µs, application-code: 40ms)
 GET /animated/w-reef 200 in 41ms (next.js: 1005µs, application-code: 40ms)
 GET /animated/w-reef 200 in 40ms (next.js: 1187µs, application-code: 39ms)
 GET /animated/w-reef 200 in 43ms (next.js: 1752µs, application-code: 41ms)
 GET /animated/w-reef 200 in 44ms (next.js: 1048µs, application-code: 43ms)
 GET /animated/w-reef 200 in 49ms (next.js: 3ms, application-code: 46ms)
 GET /animated/w-reef 200 in 46ms (next.js: 1029µs, application-code: 45ms)
 GET /animated/w-reef 200 in 33ms (next.js: 2ms, application-code: 31ms)
 GET /animated/w-reef 200 in 47ms (next.js: 4ms, application-code: 43ms)
 GET /animated/w-reef 200 in 51ms (next.js: 1454µs, application-code: 50ms)
 GET /animated/w-reef 200 in 47ms (next.js: 3ms, application-code: 44ms)
 GET /animated/w-reef 200 in 50ms (next.js: 1093µs, application-code: 49ms)
 GET /animated/w-reef 200 in 45ms (next.js: 3ms, application-code: 42ms)
 GET /animated/w-reef 200 in 43ms (next.js: 1342µs, application-code: 42ms)
 GET /animated/w-reef 200 in 41ms (next.js: 2ms, application-code: 39ms)
 GET /animated/w-reef 200 in 52ms (next.js: 2ms, application-code: 50ms)
 GET /animated/w-reef 200 in 52ms (next.js: 1228µs, application-code: 51ms)
 GET /animated/w-reef 200 in 52ms (next.js: 982µs, application-code: 51ms)
 GET /animated/w-reef 200 in 37ms (next.js: 2ms, application-code: 35ms)
 GET /animated/w-reef 200 in 40ms (next.js: 1012µs, application-code: 39ms)
 GET /animated/w-reef 200 in 41ms (next.js: 1266µs, application-code: 40ms)
 GET /animated/w-reef 200 in 41ms (next.js: 1791µs, application-code: 40ms)
 GET /animated/w-reef 200 in 35ms (next.js: 2ms, application-code: 33ms)
 GET /animated/w-reef 200 in 38ms (next.js: 1014µs, application-code: 37ms)
 GET /animated/w-reef 200 in 40ms (next.js: 1296µs, application-code: 38ms)
 GET /animated/w-reef 200 in 40ms (next.js: 1343µs, application-code: 38ms)
 GET /animated/w-reef 200 in 36ms (next.js: 1165µs, application-code: 34ms)
 GET /animated/w-reef 200 in 37ms (next.js: 1126µs, application-code: 36ms)
 GET /animated/w-reef 200 in 39ms (next.js: 1415µs, application-code: 37ms)
 GET /animated/w-reef 200 in 40ms (next.js: 1335µs, application-code: 39ms)
 GET /animated/w-reef 200 in 37ms (next.js: 1251µs, application-code: 36ms)
 GET /animated/w-reef 200 in 46ms (next.js: 1293µs, application-code: 45ms)
 GET /animated/w-reef 200 in 46ms (next.js: 1048µs, application-code: 45ms)
 GET /animated/w-reef 200 in 50ms (next.js: 947µs, application-code: 49ms)
 GET /animated/w-reef 200 in 39ms (next.js: 1085µs, application-code: 37ms)
 GET /animated/w-reef 200 in 41ms (next.js: 1070µs, application-code: 40ms)
 GET /animated/w-reef 200 in 40ms (next.js: 924µs, application-code: 39ms)
 GET /animated/w-reef 200 in 42ms (next.js: 1401µs, application-code: 40ms)
 GET /animated/w-reef 200 in 40ms (next.js: 1020µs, application-code: 39ms)
 GET /animated/w-reef 200 in 42ms (next.js: 3ms, application-code: 40ms)
 GET /animated/w-reef 200 in 45ms (next.js: 2ms, application-code: 42ms)
 GET /animated/w-reef 200 in 44ms (next.js: 1532µs, application-code: 42ms)
 GET /animated/w-reef 200 in 43ms (next.js: 1110µs, application-code: 41ms)
 GET /animated/w-reef 200 in 43ms (next.js: 1212µs, application-code: 42ms)
 GET /animated/w-reef 200 in 41ms (next.js: 2ms, application-code: 38ms)
 GET /animated/w-reef 200 in 41ms (next.js: 1970µs, application-code: 39ms)
 GET /animated/w-reef 200 in 43ms (next.js: 1031µs, application-code: 41ms)
 GET /animated/w-reef 200 in 89ms (next.js: 1288µs, application-code: 88ms)
 GET /animated/w-reef 200 in 90ms (next.js: 2ms, application-code: 88ms)
 GET /animated/w-reef 200 in 86ms (next.js: 2ms, application-code: 84ms)
 GET /animated/w-reef 200 in 37ms (next.js: 1686µs, application-code: 36ms)
 GET /animated/w-reef 200 in 40ms (next.js: 1295µs, application-code: 39ms)
 GET /animated/w-reef 200 in 40ms (next.js: 1869µs, application-code: 38ms)
 GET /animated/w-reef 200 in 39ms (next.js: 1092µs, application-code: 38ms)
 GET /animated/w-reef 200 in 37ms (next.js: 1346µs, application-code: 35ms)
 GET /animated/w-reef 200 in 24ms (next.js: 1166µs, application-code: 23ms)
 GET /animated/w-reef 200 in 14ms (next.js: 991µs, application-code: 13ms)
 GET /animated/w-bazaar 200 in 59ms (next.js: 3ms, application-code: 56ms)
 GET /animated/w-bazaar 200 in 147ms (next.js: 64ms, application-code: 84ms)
 GET /animated/w-bazaar 200 in 420ms (next.js: 349ms, application-code: 70ms)
 GET /animated/w-bazaar 200 in 67ms (next.js: 1636µs, application-code: 65ms)
 GET /animated/w-bazaar 200 in 69ms (next.js: 1459µs, application-code: 68ms)
 GET /animated/w-bazaar 200 in 62ms (next.js: 3ms, application-code: 59ms)
 GET /animated/w-bazaar 200 in 60ms (next.js: 1712µs, application-code: 59ms)
 GET /animated/w-bazaar 200 in 57ms (next.js: 1853µs, application-code: 55ms)
 GET /animated/w-bazaar 200 in 54ms (next.js: 2ms, application-code: 51ms)
 GET /animated/w-bazaar 200 in 44ms (next.js: 1325µs, application-code: 43ms)
 GET /animated/w-bazaar 200 in 50ms (next.js: 1192µs, application-code: 49ms)
 GET /animated/w-bazaar 200 in 51ms (next.js: 1423µs, application-code: 49ms)
 GET /animated/w-bazaar 200 in 52ms (next.js: 2ms, application-code: 50ms)
 GET /animated/w-bazaar 200 in 45ms (next.js: 1672µs, application-code: 43ms)
 GET /animated/w-bazaar 200 in 51ms (next.js: 1230µs, application-code: 49ms)
 GET /animated/w-bazaar 200 in 51ms (next.js: 4ms, application-code: 48ms)
 GET /animated/w-bazaar 200 in 49ms (next.js: 4ms, application-code: 45ms)
 GET /animated/w-bazaar 200 in 52ms (next.js: 2ms, application-code: 50ms)
 GET /animated/w-bazaar 200 in 54ms (next.js: 1804µs, application-code: 52ms)
 GET /animated/w-bazaar 200 in 56ms (next.js: 1586µs, application-code: 54ms)
 GET /animated/w-bazaar 200 in 60ms (next.js: 1429µs, application-code: 58ms)
 GET /animated/w-bazaar 200 in 82ms (next.js: 2ms, application-code: 80ms)
 GET /animated/w-bazaar 200 in 87ms (next.js: 2ms, application-code: 84ms)
 GET /animated/w-bazaar 200 in 75ms (next.js: 3ms, application-code: 73ms)
 GET /animated/w-bazaar 200 in 48ms (next.js: 1317µs, application-code: 47ms)
 GET /animated/w-bazaar 200 in 43ms (next.js: 1452µs, application-code: 42ms)
 GET /animated/w-bazaar 200 in 43ms (next.js: 1160µs, application-code: 42ms)
 GET /animated/w-bazaar 200 in 44ms (next.js: 1386µs, application-code: 43ms)
 GET /animated/w-bazaar 200 in 42ms (next.js: 938µs, application-code: 41ms)
 GET /animated/w-bazaar 200 in 37ms (next.js: 1443µs, application-code: 35ms)
 GET /animated/w-bazaar 200 in 40ms (next.js: 1100µs, application-code: 39ms)
 GET /animated/w-bazaar 200 in 41ms (next.js: 1377µs, application-code: 40ms)
 GET /animated/w-bazaar 200 in 42ms (next.js: 1158µs, application-code: 41ms)
 GET /animated/w-bazaar 200 in 38ms (next.js: 1125µs, application-code: 37ms)
 GET /animated/w-bazaar 200 in 44ms (next.js: 2ms, application-code: 41ms)
 GET /animated/w-bazaar 200 in 59ms (next.js: 1007µs, application-code: 58ms)
 GET /animated/w-bazaar 200 in 59ms (next.js: 1431µs, application-code: 58ms)
 GET /animated/w-bazaar 200 in 45ms (next.js: 4ms, application-code: 41ms)
 GET /animated/w-bazaar 200 in 47ms (next.js: 2ms, application-code: 45ms)
 GET /animated/w-bazaar 200 in 47ms (next.js: 1544µs, application-code: 46ms)
 GET /animated/w-bazaar 200 in 48ms (next.js: 971µs, application-code: 48ms)
 GET /animated/w-bazaar 200 in 45ms (next.js: 1372µs, application-code: 43ms)
 GET /animated/w-bazaar 200 in 44ms (next.js: 3ms, application-code: 41ms)
 GET /animated/w-bazaar 200 in 38ms (next.js: 1822µs, application-code: 36ms)
 GET /animated/w-bazaar 200 in 41ms (next.js: 1421µs, application-code: 40ms)
 GET /animated/w-bazaar 200 in 40ms (next.js: 991µs, application-code: 39ms)
 GET /animated/w-bazaar 200 in 50ms (next.js: 2ms, application-code: 48ms)
 GET /animated/w-bazaar 200 in 50ms (next.js: 1444µs, application-code: 49ms)
 GET /animated/w-bazaar 200 in 51ms (next.js: 1326µs, application-code: 50ms)
 GET /animated/w-bazaar 200 in 43ms (next.js: 2ms, application-code: 41ms)
 GET /animated/w-bazaar 200 in 45ms (next.js: 1617µs, application-code: 43ms)
 GET /animated/w-bazaar 200 in 45ms (next.js: 1348µs, application-code: 44ms)
 GET /animated/w-bazaar 200 in 46ms (next.js: 1205µs, application-code: 45ms)
 GET /animated/w-bazaar 200 in 48ms (next.js: 1376µs, application-code: 46ms)
 GET /animated/w-bazaar 200 in 57ms (next.js: 1256µs, application-code: 56ms)
 GET /animated/w-bazaar 200 in 80ms (next.js: 3ms, application-code: 77ms)
 GET /animated/w-bazaar 200 in 61ms (next.js: 3ms, application-code: 58ms)
 GET /animated/w-bazaar 200 in 50ms (next.js: 10ms, application-code: 40ms)
 GET /animated/w-bazaar 200 in 42ms (next.js: 1224µs, application-code: 41ms)
 GET /animated/w-bazaar 200 in 44ms (next.js: 1234µs, application-code: 42ms)
 GET /animated/w-bazaar 200 in 44ms (next.js: 1451µs, application-code: 43ms)
 GET /animated/w-bazaar 200 in 39ms (next.js: 2ms, application-code: 37ms)
 GET /animated/w-bazaar 200 in 47ms (next.js: 1571µs, application-code: 45ms)
 GET /animated/w-bazaar 200 in 46ms (next.js: 955µs, application-code: 45ms)
 GET /animated/w-bazaar 200 in 49ms (next.js: 4ms, application-code: 46ms)
 GET /animated/w-bazaar 200 in 41ms (next.js: 1918µs, application-code: 39ms)
 GET /animated/w-bazaar 200 in 45ms (next.js: 2ms, application-code: 43ms)
 GET /animated/w-bazaar 200 in 45ms (next.js: 3ms, application-code: 42ms)
 GET /animated/w-bazaar 200 in 46ms (next.js: 1698µs, application-code: 44ms)
 GET /animated/w-bazaar 200 in 53ms (next.js: 1635µs, application-code: 52ms)
 GET /animated/w-bazaar 200 in 57ms (next.js: 2ms, application-code: 55ms)
 GET /animated/w-bazaar 200 in 63ms (next.js: 1555µs, application-code: 61ms)
 GET /animated/w-bazaar 200 in 52ms (next.js: 5ms, application-code: 47ms)
 GET /animated/w-bazaar 200 in 46ms (next.js: 3ms, application-code: 43ms)
 GET /animated/w-bazaar 200 in 41ms (next.js: 1153µs, application-code: 40ms)
 GET /animated/w-bazaar 200 in 43ms (next.js: 1460µs, application-code: 41ms)
 GET /animated/w-bazaar 200 in 44ms (next.js: 2ms, application-code: 42ms)
 GET /animated/w-bazaar 200 in 43ms (next.js: 2ms, application-code: 41ms)
 GET /animated/w-bazaar 200 in 45ms (next.js: 1821µs, application-code: 43ms)
 GET /animated/w-bazaar 200 in 41ms (next.js: 1194µs, application-code: 40ms)
 GET /animated/w-bazaar 200 in 43ms (next.js: 1738µs, application-code: 41ms)
 GET /animated/w-bazaar 200 in 42ms (next.js: 1116µs, application-code: 40ms)
 GET /animated/w-bazaar 200 in 45ms (next.js: 1297µs, application-code: 44ms)
 GET /animated/w-bazaar 200 in 41ms (next.js: 1571µs, application-code: 40ms)
 GET /animated/w-bazaar 200 in 39ms (next.js: 1055µs, application-code: 38ms)
 GET /animated/w-bazaar 200 in 37ms (next.js: 1147µs, application-code: 36ms)
 GET /animated/w-bazaar 200 in 40ms (next.js: 973µs, application-code: 39ms)
 GET /animated/w-bazaar 200 in 40ms (next.js: 1849µs, application-code: 38ms)
 GET /animated/w-bazaar 200 in 39ms (next.js: 1075µs, application-code: 38ms)
 GET /animated/w-bazaar 200 in 38ms (next.js: 1092µs, application-code: 37ms)
 GET /animated/w-bazaar 200 in 42ms (next.js: 1340µs, application-code: 40ms)
 GET /animated/w-bazaar 200 in 43ms (next.js: 2ms, application-code: 41ms)
 GET /animated/w-bazaar 200 in 44ms (next.js: 2ms, application-code: 42ms)
 GET /animated/w-bazaar 200 in 41ms (next.js: 1564µs, application-code: 39ms)
 GET /animated/w-bazaar 200 in 49ms (next.js: 2ms, application-code: 46ms)
 GET /animated/w-bazaar 200 in 51ms (next.js: 1544µs, application-code: 50ms)
 GET /animated/w-bazaar 200 in 58ms (next.js: 2ms, application-code: 56ms)
 GET /animated/w-bazaar 200 in 51ms (next.js: 3ms, application-code: 48ms)
 GET /animated/w-bazaar 200 in 50ms (next.js: 3ms, application-code: 47ms)
 GET /animated/w-bazaar 200 in 49ms (next.js: 8ms, application-code: 41ms)
 GET /animated/w-bazaar 200 in 41ms (next.js: 1317µs, application-code: 40ms)
 GET /animated/w-bazaar 200 in 38ms (next.js: 1507µs, application-code: 36ms)
 GET /animated/w-bazaar 200 in 41ms (next.js: 1245µs, application-code: 40ms)
 GET /animated/w-bazaar 200 in 48ms (next.js: 1708µs, application-code: 47ms)
 GET /animated/w-bazaar 200 in 49ms (next.js: 1434µs, application-code: 48ms)
 GET /animated/w-bazaar 200 in 51ms (next.js: 1978µs, application-code: 49ms)
 GET /animated/w-bazaar 200 in 56ms (next.js: 1447µs, application-code: 55ms)
 GET /animated/w-bazaar 200 in 59ms (next.js: 2ms, application-code: 56ms)
 GET /animated/w-bazaar 200 in 57ms (next.js: 4ms, application-code: 53ms)
 GET /animated/w-bazaar 200 in 48ms (next.js: 1674µs, application-code: 46ms)
 GET /animated/w-bazaar 200 in 67ms (next.js: 1491µs, application-code: 66ms)
 GET /animated/w-bazaar 200 in 65ms (next.js: 908µs, application-code: 64ms)
 GET /animated/w-bazaar 200 in 64ms (next.js: 4ms, application-code: 60ms)
 GET /animated/w-bazaar 200 in 70ms (next.js: 2ms, application-code: 67ms)
 GET /animated/w-bazaar 200 in 83ms (next.js: 1686µs, application-code: 81ms)
 GET /animated/w-bazaar 200 in 72ms (next.js: 3ms, application-code: 69ms)
 GET /animated/w-bazaar 200 in 59ms (next.js: 1314µs, application-code: 57ms)
 GET /animated/w-bazaar 200 in 35ms (next.js: 1352µs, application-code: 34ms)
 GET /animated/w-voyage 200 in 153ms (next.js: 25ms, application-code: 127ms)
 GET /animated/w-highland 200 in 2.6s (next.js: 2.5s, application-code: 52ms)
○ Compiling /animated/w-highland ...
 GET /animated/w-koi 200 in 1204ms (next.js: 1177ms, application-code: 27ms)
 GET /animated/w-reef 200 in 71ms (next.js: 11ms, application-code: 61ms)
 GET /animated/w-highland 200 in 81ms (next.js: 16ms, application-code: 65ms)
 GET /animated/w-koi 200 in 83ms (next.js: 10ms, application-code: 73ms)
 GET /animated/w-reef 200 in 171ms (next.js: 81ms, application-code: 90ms)
 GET /animated/w-voyage 200 in 301ms (next.js: 79ms, application-code: 222ms)
○ Compiling /animated/w-cinders ...
 GET /animated/w-cinders 200 in 3.3s (next.js: 3.2s, application-code: 100ms)
 GET /animated/w-solstice 200 in 1563ms (next.js: 1484ms, application-code: 79ms)
 GET /animated/w-bazaar 200 in 75ms (next.js: 11ms, application-code: 64ms)
 GET /animated/w-cinders 200 in 211ms (next.js: 23ms, application-code: 188ms)
 GET /animated/w-marrow 200 in 132ms (next.js: 28ms, application-code: 104ms)
 GET /animated/w-solstice 200 in 84ms (next.js: 10ms, application-code: 74ms)
 GET /animated/w-highland 200 in 68ms (next.js: 10ms, application-code: 58ms)
 GET /animated/w-koi 200 in 220ms (next.js: 73ms, application-code: 147ms)
 GET /animated/w-abyss 200 in 85ms (next.js: 22ms, application-code: 63ms)
 GET /animated/w-highland 200 in 132ms (next.js: 21ms, application-code: 111ms)
 GET /animated/w-koi 200 in 276ms (next.js: 57ms, application-code: 219ms)
 GET /animated/w-cinders 200 in 204ms (next.js: 33ms, application-code: 171ms)
 GET /animated/w-voyage 200 in 46ms (next.js: 5ms, application-code: 41ms)
 GET /animated/w-solstice 200 in 61ms (next.js: 6ms, application-code: 55ms)
 GET /animated/w-highland 200 in 86ms (next.js: 6ms, application-code: 80ms)
○ Compiling /animated/w-fjord ...
 GET /animated/w-fjord 200 in 3.7s (next.js: 3.6s, application-code: 65ms)
 GET /animated/w-cinders 200 in 68ms (next.js: 5ms, application-code: 63ms)
 GET /animated/w-fjord 200 in 133ms (next.js: 9ms, application-code: 124ms)
 GET /animated/w-voyage 200 in 133ms (next.js: 65ms, application-code: 68ms)
 GET /animated/w-voyage 200 in 510ms (next.js: 312ms, application-code: 198ms)
 GET /animated/w-voyage 200 in 65ms (next.js: 3ms, application-code: 62ms)
 GET /animated/w-solstice 200 in 529ms (next.js: 341ms, application-code: 188ms)
 GET /animated/w-voyage 200 in 67ms (next.js: 2ms, application-code: 65ms)
 GET /animated/w-voyage 200 in 71ms (next.js: 2ms, application-code: 69ms)
 GET /animated/w-voyage 200 in 76ms (next.js: 9ms, application-code: 67ms)
 GET /animated/w-voyage 200 in 180ms (next.js: 3ms, application-code: 177ms)
 GET /animated/w-voyage 200 in 296ms (next.js: 4ms, application-code: 292ms)
 GET /animated/w-voyage 200 in 383ms (next.js: 11ms, application-code: 372ms)
 GET /animated/w-voyage 200 in 324ms (next.js: 28ms, application-code: 296ms)
 GET /animated/w-voyage 200 in 316ms (next.js: 44ms, application-code: 271ms)
 GET /animated/w-voyage 200 in 242ms (next.js: 20ms, application-code: 222ms)
 GET /animated/w-voyage 200 in 195ms (next.js: 17ms, application-code: 178ms)
 GET /animated/w-voyage 200 in 137ms (next.js: 10ms, application-code: 127ms)
 GET /animated/w-voyage 200 in 138ms (next.js: 6ms, application-code: 131ms)
 GET /animated/w-voyage 200 in 189ms (next.js: 8ms, application-code: 181ms)
 GET /animated/w-voyage 200 in 183ms (next.js: 10ms, application-code: 173ms)
 GET /animated/w-voyage 200 in 195ms (next.js: 65ms, application-code: 131ms)
 GET /animated/w-voyage 200 in 104ms (next.js: 7ms, application-code: 97ms)
 GET /animated/w-voyage 200 in 96ms (next.js: 6ms, application-code: 91ms)
 GET /animated/w-voyage 200 in 67ms (next.js: 1680µs, application-code: 65ms)
 GET /animated/w-voyage 200 in 93ms (next.js: 4ms, application-code: 89ms)
 GET /animated/w-voyage 200 in 42ms (next.js: 7ms, application-code: 34ms)
 GET /animated/w-pilgrim 200 in 1910ms (next.js: 1849ms, application-code: 61ms)
 GET /animated/w-highland 200 in 39ms (next.js: 8ms, application-code: 32ms)
 GET /animated/w-pilgrim 200 in 77ms (next.js: 10ms, application-code: 67ms)
 GET /animated/w-highland 200 in 59ms (next.js: 12ms, application-code: 48ms)
 GET /animated/w-pilgrim 200 in 130ms (next.js: 11ms, application-code: 118ms)
 GET /animated/w-voyage 200 in 144ms (next.js: 37ms, application-code: 107ms)
 GET /animated/w-solstice 200 in 38ms (next.js: 6ms, application-code: 32ms)
 GET /animated/w-highland 200 in 49ms (next.js: 6ms, application-code: 42ms)
 GET /animated/w-willow 200 in 2.8s (next.js: 2.7s, application-code: 128ms)
 GET /animated/w-willow 200 in 68ms (next.js: 4ms, application-code: 64ms)
 GET /animated/w-willow 200 in 371ms (next.js: 277ms, application-code: 95ms)
 GET /animated/w-willow 200 in 76ms (next.js: 1786µs, application-code: 74ms)
 GET /animated/w-willow 200 in 82ms (next.js: 3ms, application-code: 80ms)
 GET /animated/w-willow 200 in 102ms (next.js: 5ms, application-code: 97ms)
 GET /animated/w-willow 200 in 111ms (next.js: 1973µs, application-code: 109ms)
 GET /animated/w-willow 200 in 104ms (next.js: 2ms, application-code: 102ms)
 GET /animated/w-willow 200 in 71ms (next.js: 8ms, application-code: 63ms)
 GET /animated/w-willow 200 in 59ms (next.js: 3ms, application-code: 56ms)
 GET /animated/w-willow 200 in 71ms (next.js: 1233µs, application-code: 70ms)
 GET /animated/w-willow 200 in 74ms (next.js: 2ms, application-code: 72ms)
 GET /animated/w-willow 200 in 84ms (next.js: 2ms, application-code: 82ms)
 GET /animated/w-willow 200 in 88ms (next.js: 3ms, application-code: 85ms)
 GET /animated/w-willow 200 in 109ms (next.js: 3ms, application-code: 106ms)
 GET /animated/w-willow 200 in 111ms (next.js: 4ms, application-code: 107ms)
 GET /animated/w-willow 200 in 104ms (next.js: 3ms, application-code: 101ms)
 GET /animated/w-willow 200 in 198ms (next.js: 6ms, application-code: 192ms)
 GET /animated/w-willow 200 in 217ms (next.js: 3ms, application-code: 214ms)
 GET /animated/w-willow 200 in 194ms (next.js: 4ms, application-code: 189ms)
 GET /animated/w-willow 200 in 83ms (next.js: 8ms, application-code: 76ms)
 GET /animated/w-voyage 200 in 228ms (next.js: 31ms, application-code: 197ms)
 GET /animated/w-willow 200 in 71ms (next.js: 6ms, application-code: 65ms)
 GET /animated/w-willow 200 in 68ms (next.js: 6ms, application-code: 62ms)
 GET /animated/w-willow 200 in 74ms (next.js: 1957µs, application-code: 73ms)
 GET /animated/w-willow 200 in 111ms (next.js: 1680µs, application-code: 109ms)
 GET /animated/w-willow 200 in 214ms (next.js: 5ms, application-code: 208ms)
 GET /animated/w-willow 200 in 702ms (next.js: 4ms, application-code: 698ms)
 GET /animated/w-willow 200 in 1057ms (next.js: 24ms, application-code: 1033ms)
 GET /animated/w-willow 200 in 947ms (next.js: 47ms, application-code: 900ms)
 GET /animated/w-willow 200 in 470ms (next.js: 27ms, application-code: 442ms)
 GET /animated/w-willow 200 in 237ms (next.js: 10ms, application-code: 227ms)
 GET /animated/w-pilgrim 200 in 846ms (next.js: 130ms, application-code: 716ms)
 GET /animated/w-willow 200 in 1048ms (next.js: 7ms, application-code: 1041ms)
 GET /animated/w-willow 200 in 1313ms (next.js: 60ms, application-code: 1253ms)
 GET /animated/w-willow 200 in 1140ms (next.js: 22ms, application-code: 1118ms)
 GET /animated/w-willow 200 in 527ms (next.js: 243ms, application-code: 284ms)
 GET /animated/w-willow 200 in 229ms (next.js: 12ms, application-code: 218ms)
 GET /animated/w-willow 200 in 182ms (next.js: 4ms, application-code: 178ms)
 GET /animated/w-willow 200 in 159ms (next.js: 8ms, application-code: 151ms)
 GET /animated/w-willow 200 in 91ms (next.js: 7ms, application-code: 84ms)
 GET /animated/w-willow 200 in 119ms (next.js: 4ms, application-code: 115ms)
 GET /animated/w-willow 200 in 133ms (next.js: 4ms, application-code: 129ms)
 GET /animated/w-willow 200 in 163ms (next.js: 17ms, application-code: 146ms)
 GET /animated/w-willow 200 in 129ms (next.js: 8ms, application-code: 121ms)
 GET /animated/w-willow 200 in 89ms (next.js: 11ms, application-code: 79ms)
 GET /animated/w-willow 200 in 33ms (next.js: 6ms, application-code: 27ms)
○ Compiling /animated/w-aster ...
 GET /animated/w-aster 200 in 3.3s (next.js: 3.2s, application-code: 66ms)
 GET /animated/w-aster 200 in 79ms (next.js: 10ms, application-code: 69ms)
 GET /animated/w-fjord 200 in 62ms (next.js: 10ms, application-code: 51ms)
 GET /animated/w-voyage 200 in 330ms (next.js: 18ms, application-code: 312ms)
 GET /animated/w-willow 200 in 193ms (next.js: 85ms, application-code: 108ms)
 GET /animated/w-wilds 200 in 2.4s (next.js: 2.3s, application-code: 61ms)
 GET /animated/w-wilds 200 in 91ms (next.js: 10ms, application-code: 80ms)
 GET /animated/w-wilds 200 in 223ms (next.js: 114ms, application-code: 109ms)
 GET /animated/w-wilds 200 in 107ms (next.js: 10ms, application-code: 97ms)
 GET /animated/w-abyss 200 in 127ms (next.js: 38ms, application-code: 89ms)
 GET /animated/w-wilds 200 in 105ms (next.js: 8ms, application-code: 97ms)
 GET /animated/w-aster 200 in 98ms (next.js: 24ms, application-code: 74ms)
○ Compiling /animated/worlds ...
 GET /animated/worlds 200 in 4.6s (next.js: 4.4s, application-code: 251ms)
 GET / 200 in 277ms (next.js: 29ms, application-code: 248ms)
 GET /animated/w-wilds 200 in 65ms (next.js: 10ms, application-code: 55ms)
○ Compiling /animated/w-cocoa ...
 GET /animated/w-cocoa 200 in 3.4s (next.js: 3.2s, application-code: 211ms)
 GET /animated/w-wilds 200 in 518ms (next.js: 215ms, application-code: 303ms)
 GET /animated/w-cocoa 200 in 140ms (next.js: 34ms, application-code: 107ms)
✓ Compiled in 112ms
 GET /animated/w-terrazzo 200 in 2.2s (next.js: 2.1s, application-code: 122ms)
 GET /animated/w-terrazzo 200 in 207ms (next.js: 115ms, application-code: 92ms)
 GET /animated/w-wilds 200 in 79ms (next.js: 16ms, application-code: 63ms)
 GET /animated/w-quill 200 in 2.2s (next.js: 2.1s, application-code: 127ms)
 GET /animated/w-cocoa 200 in 121ms (next.js: 13ms, application-code: 108ms)
 GET /animated/w-quill 200 in 119ms (next.js: 11ms, application-code: 108ms)
 GET /animated/w-terrazzo 200 in 278ms (next.js: 114ms, application-code: 164ms)
 GET /animated/w-dunes 200 in 2.5s (next.js: 2.4s, application-code: 82ms)
 GET /animated/w-dunes 200 in 63ms (next.js: 5ms, application-code: 58ms)
 GET /animated/w-lumen 200 in 2.1s (next.js: 1944ms, application-code: 206ms)
 GET /animated/w-wilds 200 in 69ms (next.js: 9ms, application-code: 60ms)
 GET /animated/w-terrazzo 200 in 87ms (next.js: 15ms, application-code: 72ms)
 GET /animated/w-lumen 200 in 35ms (next.js: 3ms, application-code: 33ms)
 GET /animated/w-cocoa 200 in 110ms (next.js: 21ms, application-code: 89ms)
 GET /animated/w-lumen 200 in 29ms (next.js: 1435µs, application-code: 27ms)
 GET /animated/w-lumen 200 in 91ms (next.js: 11ms, application-code: 80ms)
 GET /animated/w-lumen 200 in 61ms (next.js: 5ms, application-code: 55ms)
 GET /animated/w-quill 200 in 49ms (next.js: 13ms, application-code: 36ms)
 GET /animated/w-lumen 200 in 97ms (next.js: 10ms, application-code: 87ms)
 GET /animated/w-terrazzo 200 in 103ms (next.js: 12ms, application-code: 91ms)
 GET /animated/w-terrazzo 200 in 53ms (next.js: 10ms, application-code: 43ms)
 GET /animated/w-quill 200 in 147ms (next.js: 14ms, application-code: 133ms)
 GET /animated/w-lumen 200 in 145ms (next.js: 55ms, application-code: 90ms)
 GET /animated/w-quill 200 in 92ms (next.js: 11ms, application-code: 80ms)
 GET /animated/w-dunes 200 in 108ms (next.js: 34ms, application-code: 74ms)
 GET /animated/w-dunes 200 in 154ms (next.js: 25ms, application-code: 129ms)
 GET /animated/w-halcyon 200 in 3.0s (next.js: 2.9s, application-code: 139ms)
 GET /animated/w-halcyon 200 in 129ms (next.js: 12ms, application-code: 116ms)
 GET /animated/w-lumen 200 in 297ms (next.js: 33ms, application-code: 265ms)
 GET /animated/w-halcyon 200 in 99ms (next.js: 17ms, application-code: 82ms)
 GET /animated/w-halcyon 200 in 102ms (next.js: 12ms, application-code: 90ms)
 GET /animated/w-halcyon 200 in 89ms (next.js: 9ms, application-code: 80ms)
 GET /animated/w-tidewell 200 in 138ms (next.js: 36ms, application-code: 102ms)
 GET /animated/w-wilds 200 in 125ms (next.js: 26ms, application-code: 99ms)
 GET /animated/w-emberroad 200 in 86ms (next.js: 26ms, application-code: 60ms)
 GET /animated/w-koi 200 in 118ms (next.js: 36ms, application-code: 82ms)
 GET /animated/w-bloomhouse 200 in 65ms (next.js: 24ms, application-code: 41ms)
 GET /animated/w-halcyon 200 in 95ms (next.js: 15ms, application-code: 80ms)
 GET /animated/w-lumen 200 in 34ms (next.js: 3ms, application-code: 31ms)
 GET /animated/w-quill 200 in 51ms (next.js: 9ms, application-code: 43ms)
 GET /animated/w-dunes 200 in 41ms (next.js: 9ms, application-code: 32ms)
 GET /animated/w-serein 200 in 51ms (next.js: 18ms, application-code: 33ms)
 GET /animated/w-terrazzo 200 in 147ms (next.js: 28ms, application-code: 119ms)
 GET /animated/w-quill 200 in 67ms (next.js: 9ms, application-code: 58ms)
 GET /animated/m-canopy 200 in 1014ms (next.js: 584ms, application-code: 430ms)
 GET /animated/worlds 200 in 414ms (next.js: 87ms, application-code: 327ms)
 GET /animated/w-lantern 200 in 123ms (next.js: 59ms, application-code: 63ms)
 GET /animated/w-meridian 200 in 112ms (next.js: 56ms, application-code: 55ms)
 GET /animated/w-koi 200 in 68ms (next.js: 23ms, application-code: 45ms)
 GET /animated/w-halcyon 200 in 76ms (next.js: 20ms, application-code: 56ms)
 GET /animated 200 in 939ms (next.js: 603ms, application-code: 336ms)
 GET /animated/echo 200 in 36ms (next.js: 15ms, application-code: 21ms)
 GET /animated/terra 200 in 46ms (next.js: 16ms, application-code: 30ms)
[browser] THREE.Clock: This module has been deprecated. Please use THREE.Timer instead.
 GET /animated/atlas 200 in 59ms (next.js: 13ms, application-code: 46ms)
 GET /animated/w-cocoa 200 in 467ms (next.js: 147ms, application-code: 320ms)
 GET /animated/w-cocoa 200 in 185ms (next.js: 15ms, application-code: 169ms)
 GET /animated/worlds 200 in 460ms (next.js: 42ms, application-code: 419ms)
 GET /animated/w-lantern 200 in 153ms (next.js: 55ms, application-code: 98ms)
 GET /animated/w-hollow 200 in 149ms (next.js: 72ms, application-code: 77ms)
 GET /animated/w-koi 200 in 92ms (next.js: 42ms, application-code: 50ms)
 GET /animated/w-lumen 200 in 73ms (next.js: 36ms, application-code: 37ms)
 GET /animated 200 in 166ms (next.js: 33ms, application-code: 133ms)
 GET /animated/manifesto 200 in 38ms (next.js: 12ms, application-code: 26ms)
 GET /animated/kinetic 200 in 120ms (next.js: 21ms, application-code: 99ms)
 GET /animated/ledger 200 in 34ms (next.js: 7ms, application-code: 28ms)
 GET /animated/cipher 200 in 68ms (next.js: 25ms, application-code: 43ms)
 GET /animated/forge 200 in 175ms (next.js: 15ms, application-code: 160ms)
 GET /animated/signal 200 in 86ms (next.js: 15ms, application-code: 71ms)
 GET /animated/current 200 in 60ms (next.js: 15ms, application-code: 44ms)
 GET /animated/echo 200 in 58ms (next.js: 15ms, application-code: 43ms)
 GET /animated/terra 200 in 61ms (next.js: 13ms, application-code: 48ms)
[browser] THREE.Clock: This module has been deprecated. Please use THREE.Timer instead.
 GET /animated/helix 200 in 85ms (next.js: 42ms, application-code: 43ms)
 GET /animated/atlas 200 in 69ms (next.js: 26ms, application-code: 43ms)
 GET /animated/monolith 200 in 60ms (next.js: 23ms, application-code: 36ms)
 GET /animated/manifesto 200 in 248ms (next.js: 61ms, application-code: 187ms)
 GET /visual-hooks 200 in 1479ms (next.js: 1006ms, application-code: 473ms)
 GET /animated/worlds 200 in 287ms (next.js: 33ms, application-code: 253ms)
 GET /animated/w-tidewell 200 in 90ms (next.js: 60ms, application-code: 31ms)
 GET / 200 in 357ms (next.js: 43ms, application-code: 314ms)
 GET /story2 200 in 810ms (next.js: 684ms, application-code: 126ms)
 GET /story2/punk 200 in 44ms (next.js: 16ms, application-code: 28ms)
 GET /story2/scarlet 200 in 507ms (next.js: 168ms, application-code: 339ms)
 GET /story2/forlorn 200 in 320ms (next.js: 84ms, application-code: 236ms)
 GET /story2/lilith 200 in 350ms (next.js: 61ms, application-code: 289ms)
 GET /story2/seraph 200 in 88ms (next.js: 27ms, application-code: 61ms)
 GET /animated 200 in 350ms (next.js: 95ms, application-code: 254ms)
 GET /animated/archive 200 in 102ms (next.js: 28ms, application-code: 74ms)
 GET /animated/pulse 200 in 65ms (next.js: 21ms, application-code: 44ms)
 GET /sory 404 in 1489ms (next.js: 1262ms, application-code: 228ms)
 GET /story 200 in 1025ms (next.js: 946ms, application-code: 79ms)
 GET /story/solitude 200 in 73ms (next.js: 15ms, application-code: 58ms)
 GET /story 200 in 172ms (next.js: 38ms, application-code: 134ms)
 GET /story/vision 200 in 49ms (next.js: 15ms, application-code: 34ms)
 GET /sory 404 in 121ms (next.js: 12ms, application-code: 109ms)
 GET /story 200 in 57ms (next.js: 11ms, application-code: 46ms)
 GET /animated/worlds 200 in 330ms (next.js: 47ms, application-code: 282ms)
 GET /animated/w-koi 200 in 63ms (next.js: 25ms, application-code: 38ms)
 GET /animated/w-koi 200 in 447ms (next.js: 50ms, application-code: 397ms)
 GET /animated/worlds 200 in 5.7s (next.js: 4.8s, application-code: 942ms)
 GET /animated/pulse 200 in 387ms (next.js: 29ms, application-code: 359ms)
 GET /visual-hooks 200 in 141ms (next.js: 23ms, application-code: 118ms)
 GET /visual-hooks/animated 200 in 61ms (next.js: 25ms, application-code: 36ms)
 GET /visual-hooks/porsche 200 in 97ms (next.js: 20ms, application-code: 77ms)
 GET /visual-hooks/porsche 200 in 111ms (next.js: 21ms, application-code: 90ms)
 GET /visual-hooks/porsche 200 in 142ms (next.js: 23ms, application-code: 119ms)
 GET /visual-hooks/porsche 200 in 843ms (next.js: 48ms, application-code: 795ms)
 GET /visual-hooks/animated 200 in 6.8s (next.js: 5.7s, application-code: 1126ms)
 GET /visual-hooks 200 in 5.3s (next.js: 5.1s, application-code: 273ms)
 GET /visual-hooks 200 in 283ms (next.js: 14ms, application-code: 268ms)
 GET /visual-hooks/animated 200 in 59ms (next.js: 10ms, application-code: 49ms)
 GET /visual-hooks/redsuit 200 in 33ms (next.js: 9ms, application-code: 24ms)
 GET /visual-hooks/redsuit 200 in 787ms (next.js: 231ms, application-code: 556ms)
 GET /visual-hooks 200 in 1000ms (next.js: 320ms, application-code: 680ms)
 GET /visual-hooks/redsuit 200 in 1069ms (next.js: 287ms, application-code: 783ms)
[?25h
