МИРЫ: 30 | задач всего: 360 | к генерации: 348 | готово: 12 | pool 5
✓ emberroad/s1-bg  [1/348]
✓ emberroad/s1-mid  [2/348]
✓ emberroad/s2-bg  [3/348]
✓ emberroad/s2-mid  [4/348]
✓ emberroad/s3-bg  [5/348]
✓ emberroad/s2-fg  [6/348]
✓ emberroad/s3-mid  [7/348]
✓ emberroad/s3-fg  [8/348]
✓ emberroad/s4-bg  [9/348]
✓ emberroad/s4-fg  [10/348]
✓ lantern/s1-bg  [11/348]
  retry lantern/s1-mid #1: higs job failed: Отправка генерации: remove-background: Apple Vision не нашёл главный объе
✓ lantern/s1-fg  [12/348]
✓ lantern/s2-bg  [13/348]
✓ lantern/s1-mid  [14/348]
✓ lantern/s2-mid  [15/348]
✓ lantern/s3-bg  [16/348]
✓ lantern/s3-mid  [17/348]
✓ lantern/s3-fg  [18/348]
✓ lantern/s4-bg  [19/348]
✓ lantern/s4-mid  [20/348]
✓ hollow/s1-bg  [21/348]
✓ hollow/s1-mid  [22/348]
✓ lantern/s4-fg  [23/348]
✓ hollow/s1-fg  [24/348]
✓ hollow/s2-bg  [25/348]
✓ hollow/s2-mid  [26/348]
✓ hollow/s2-fg  [27/348]
✓ hollow/s3-bg  [28/348]
✓ hollow/s3-mid  [29/348]
✓ hollow/s3-fg  [30/348]
✓ hollow/s4-bg  [31/348]
✓ hollow/s4-mid  [32/348]
✓ hollow/s4-fg  [33/348]
✓ frost/s1-bg  [34/348]
✓ frost/s1-mid  [35/348]
✓ frost/s1-fg  [36/348]
✓ frost/s2-bg  [37/348]
✓ frost/s2-mid  [38/348]
✓ frost/s2-fg  [39/348]
✓ frost/s3-bg  [40/348]
✓ frost/s3-mid  [41/348]
✓ frost/s3-fg  [42/348]
✓ frost/s4-bg  [43/348]
✓ frost/s4-mid  [44/348]
✓ frost/s4-fg  [45/348]
✓ meridian/s1-bg  [46/348]
✓ meridian/s1-mid  [47/348]
✓ meridian/s1-fg  [48/348]
  retry emberroad/s1-fg #1: higs generation job failed: Таймаут ожидания результата
✓ meridian/s2-bg  [49/348]
✓ emberroad/s1-fg  [50/348]
✓ meridian/s2-mid  [51/348]
✓ meridian/s2-fg  [52/348]
  retry emberroad/s4-mid #1: higs generation job failed: Таймаут ожидания результата
✓ meridian/s3-bg  [53/348]
✓ meridian/s3-mid  [54/348]
✓ meridian/s3-fg  [55/348]
✓ emberroad/s4-mid  [56/348]
✓ meridian/s4-bg  [57/348]
✓ meridian/s4-mid  [58/348]
✓ meridian/s4-fg  [59/348]
✓ bloomhouse/s1-bg  [60/348]
✓ bloomhouse/s1-mid  [61/348]
✓ bloomhouse/s1-fg  [62/348]
  retry lantern/s2-fg #1: higs generation job failed: Таймаут ожидания результата
✓ bloomhouse/s2-bg  [63/348]
✓ bloomhouse/s2-mid  [64/348]
✓ bloomhouse/s2-fg  [65/348]
✓ bloomhouse/s3-bg  [66/348]
✓ lantern/s2-fg  [67/348]
✓ bloomhouse/s3-mid  [68/348]
✓ bloomhouse/s3-fg  [69/348]
✓ bloomhouse/s4-mid  [70/348]
✓ bloomhouse/s4-bg  [71/348]
✓ bloomhouse/s4-fg  [72/348]
✓ emberfall/s1-bg  [73/348]
✓ emberfall/s1-mid  [74/348]
✓ emberfall/s1-fg  [75/348]
✓ emberfall/s2-bg  [76/348]
✓ emberfall/s2-mid  [77/348]
✓ emberfall/s2-fg  [78/348]
✓ emberfall/s3-bg  [79/348]
✓ emberfall/s3-mid  [80/348]
✓ emberfall/s4-bg  [81/348]
✓ emberfall/s3-fg  [82/348]
✓ emberfall/s4-mid  [83/348]
✓ emberfall/s4-fg  [84/348]
✓ voyage/s1-bg  [85/348]
✓ voyage/s1-mid  [86/348]
✓ voyage/s1-fg  [87/348]
✓ voyage/s2-bg  [88/348]
✓ voyage/s2-mid  [89/348]
✓ voyage/s2-fg  [90/348]
✓ voyage/s3-bg  [91/348]
✓ voyage/s3-mid  [92/348]
✓ voyage/s3-fg  [93/348]
✓ voyage/s4-mid  [94/348]
✓ voyage/s4-bg  [95/348]
✓ voyage/s4-fg  [96/348]
✓ marrow/s1-bg  [97/348]
✓ marrow/s1-mid  [98/348]
✓ marrow/s1-fg  [99/348]
✓ marrow/s2-bg  [100/348]
✓ marrow/s2-mid  [101/348]
✓ marrow/s2-fg  [102/348]
✓ marrow/s3-mid  [103/348]
✓ marrow/s3-fg  [104/348]
✓ marrow/s3-bg  [105/348]
✓ marrow/s4-bg  [106/348]
✓ marrow/s4-mid  [107/348]
✓ marrow/s4-fg  [108/348]
✓ serein/s1-bg  [109/348]
✓ serein/s1-mid  [110/348]
✓ serein/s1-fg  [111/348]
✓ serein/s2-bg  [112/348]
✓ serein/s2-mid  [113/348]
✓ serein/s3-bg  [114/348]
✓ serein/s3-mid  [115/348]
✓ serein/s2-fg  [116/348]
✓ serein/s3-fg  [117/348]
✓ serein/s4-bg  [118/348]
✓ serein/s4-mid  [119/348]
✓ serein/s4-fg  [120/348]
✓ nomad/s1-bg  [121/348]
✓ nomad/s1-mid  [122/348]
✓ nomad/s1-fg  [123/348]
✓ nomad/s2-bg  [124/348]
✓ nomad/s3-bg  [125/348]
✓ nomad/s2-fg  [126/348]
✓ nomad/s2-mid  [127/348]
✓ nomad/s3-mid  [128/348]
✓ nomad/s3-fg  [129/348]
✓ nomad/s4-bg  [130/348]
✓ nomad/s4-fg  [131/348]
✓ nomad/s4-mid  [132/348]
✓ reef/s1-bg  [133/348]
✓ reef/s1-fg  [134/348]
✓ reef/s2-bg  [135/348]
✓ reef/s2-mid  [136/348]
✓ reef/s2-fg  [137/348]
✓ reef/s1-mid  [138/348]
✓ reef/s3-bg  [139/348]
✓ reef/s3-fg  [140/348]
✓ reef/s3-mid  [141/348]
✓ reef/s4-bg  [142/348]
✓ reef/s4-mid  [143/348]
✓ reef/s4-fg  [144/348]
✓ solstice/s1-bg  [145/348]
✓ solstice/s1-mid  [146/348]
✓ solstice/s1-fg  [147/348]
✓ solstice/s2-mid  [148/348]
✓ solstice/s2-fg  [149/348]
✓ solstice/s3-bg  [150/348]
✓ solstice/s3-mid  [151/348]
✓ solstice/s2-bg  [152/348]
✓ solstice/s3-fg  [153/348]
✓ solstice/s4-bg  [154/348]
✓ solstice/s4-mid  [155/348]
✓ solstice/s4-fg  [156/348]
✓ koi/s1-fg  [157/348]
✓ koi/s1-mid  [158/348]
✓ koi/s2-bg  [159/348]
✓ koi/s2-mid  [160/348]
✓ koi/s1-bg  [161/348]
✓ koi/s2-fg  [162/348]
✓ koi/s3-bg  [163/348]
✓ koi/s3-mid  [164/348]
✓ koi/s3-fg  [165/348]
✓ koi/s4-bg  [166/348]
✓ koi/s4-fg  [167/348]
✓ koi/s4-mid  [168/348]
✓ abyss/s1-bg  [169/348]
✓ abyss/s1-mid  [170/348]
✓ abyss/s1-fg  [171/348]
✓ abyss/s2-bg  [172/348]
✓ abyss/s2-fg  [173/348]
✓ abyss/s2-mid  [174/348]
✓ abyss/s3-bg  [175/348]
✓ abyss/s3-mid  [176/348]
✓ abyss/s3-fg  [177/348]
✓ abyss/s4-bg  [178/348]
✓ abyss/s4-fg  [179/348]
✓ abyss/s4-mid  [180/348]
✓ highland/s1-bg  [181/348]
✓ highland/s1-mid  [182/348]
✓ highland/s2-bg  [183/348]
✓ highland/s2-mid  [184/348]
✓ highland/s1-fg  [185/348]
✓ highland/s2-fg  [186/348]
✓ highland/s3-bg  [187/348]
✓ highland/s3-mid  [188/348]
✓ highland/s3-fg  [189/348]
✓ highland/s4-bg  [190/348]
✓ highland/s4-mid  [191/348]
✓ highland/s4-fg  [192/348]
✓ bazaar/s1-bg  [193/348]
✓ bazaar/s1-mid  [194/348]
✓ bazaar/s1-fg  [195/348]
✓ bazaar/s2-bg  [196/348]
✓ bazaar/s2-fg  [197/348]
✓ bazaar/s2-mid  [198/348]
✓ bazaar/s3-bg  [199/348]
✓ bazaar/s3-mid  [200/348]
✓ bazaar/s3-fg  [201/348]
✓ bazaar/s4-bg  [202/348]
✓ bazaar/s4-fg  [203/348]
✓ bazaar/s4-mid  [204/348]
✓ wilds/s1-bg  [205/348]
✓ wilds/s1-fg  [206/348]
✓ wilds/s2-bg  [207/348]
✓ wilds/s2-mid  [208/348]
✓ wilds/s2-fg  [209/348]
✓ wilds/s1-mid  [210/348]
✓ wilds/s3-bg  [211/348]
✓ wilds/s3-mid  [212/348]
✓ wilds/s4-bg  [213/348]
✓ wilds/s3-fg  [214/348]
✓ wilds/s4-mid  [215/348]
✓ wilds/s4-fg  [216/348]
✓ fjord/s1-bg  [217/348]
✓ fjord/s1-mid  [218/348]
✓ fjord/s1-fg  [219/348]
✓ fjord/s2-bg  [220/348]
✓ fjord/s2-mid  [221/348]
✓ fjord/s2-fg  [222/348]
✓ fjord/s3-bg  [223/348]
✓ fjord/s3-mid  [224/348]
✓ fjord/s3-fg  [225/348]
✓ fjord/s4-bg  [226/348]
✓ fjord/s4-mid  [227/348]
✓ fjord/s4-fg  [228/348]
✓ pilgrim/s1-bg  [229/348]
✓ pilgrim/s1-mid  [230/348]
✓ pilgrim/s1-fg  [231/348]
✓ pilgrim/s2-bg  [232/348]
✓ pilgrim/s2-fg  [233/348]
✓ pilgrim/s3-bg  [234/348]
  retry pilgrim/s2-mid #1: higs job failed: Отправка генерации: remove-background: Apple Vision не нашёл главный объе
✓ pilgrim/s3-mid  [235/348]
✓ pilgrim/s3-fg  [236/348]
✓ pilgrim/s4-bg  [237/348]
✓ pilgrim/s4-mid  [238/348]
✓ pilgrim/s2-mid  [239/348]
✓ cinders/s1-bg  [240/348]
✓ pilgrim/s4-fg  [241/348]
✓ cinders/s1-mid  [242/348]
✓ cinders/s2-bg  [243/348]
✓ cinders/s2-mid  [244/348]
✓ cinders/s2-fg  [245/348]
✓ cinders/s1-fg  [246/348]
✓ cinders/s3-bg  [247/348]
✓ cinders/s3-fg  [248/348]
✓ cinders/s3-mid  [249/348]
✓ cinders/s4-mid  [250/348]
✓ cinders/s4-fg  [251/348]
✓ cinders/s4-bg  [252/348]
✓ willow/s1-bg  [253/348]
✓ willow/s1-mid  [254/348]
✓ willow/s1-fg  [255/348]
✓ willow/s2-bg  [256/348]
  retry willow/s2-mid #1: higs job failed: Отправка генерации: remove-background: Apple Vision не нашёл главный объе
✓ willow/s2-fg  [257/348]
✓ willow/s3-bg  [258/348]
✓ willow/s3-mid  [259/348]
✓ willow/s3-fg  [260/348]
  retry willow/s2-mid #2: higs job failed: Отправка генерации: remove-background: Apple Vision не нашёл главный объе
✓ willow/s4-bg  [261/348]
✓ willow/s4-mid  [262/348]
✓ willow/s4-fg  [263/348]
✓ aster/s1-bg  [264/348]
✓ willow/s2-mid  [265/348]
✓ aster/s1-mid  [266/348]
✓ aster/s1-fg  [267/348]
✓ aster/s2-bg  [268/348]
✓ aster/s2-mid  [269/348]
✓ aster/s2-fg  [270/348]
✓ aster/s3-bg  [271/348]
✓ aster/s3-mid  [272/348]
✓ aster/s3-fg  [273/348]
✓ aster/s4-bg  [274/348]
✓ aster/s4-mid  [275/348]
✓ aster/s4-fg  [276/348]
✓ terrazzo/s1-bg  [277/348]
✓ terrazzo/s1-mid  [278/348]
✓ terrazzo/s1-fg  [279/348]
✓ terrazzo/s2-bg  [280/348]
✓ terrazzo/s2-mid  [281/348]
✓ terrazzo/s2-fg  [282/348]
✓ terrazzo/s3-bg  [283/348]
✓ terrazzo/s3-mid  [284/348]
✓ terrazzo/s4-bg  [285/348]
✓ terrazzo/s4-mid  [286/348]
✓ terrazzo/s4-fg  [287/348]
✓ cocoa/s1-bg  [288/348]
✓ terrazzo/s3-fg  [289/348]
✓ cocoa/s1-mid  [290/348]
✓ cocoa/s2-bg  [291/348]
✓ cocoa/s2-mid  [292/348]
✓ cocoa/s2-fg  [293/348]
✓ cocoa/s3-bg  [294/348]
✓ cocoa/s3-fg  [295/348]
✓ cocoa/s3-mid  [296/348]
✓ cocoa/s4-bg  [297/348]
✓ cocoa/s1-fg  [298/348]
✓ cocoa/s4-mid  [299/348]
✓ quill/s1-bg  [300/348]
✓ cocoa/s4-fg  [301/348]
✓ quill/s1-fg  [302/348]
✓ quill/s1-mid  [303/348]
✓ quill/s2-bg  [304/348]
✓ quill/s2-mid  [305/348]
✓ quill/s2-fg  [306/348]
✓ quill/s3-bg  [307/348]
✓ quill/s3-mid  [308/348]
✓ quill/s3-fg  [309/348]
✓ quill/s4-bg  [310/348]
✓ quill/s4-mid  [311/348]
✓ halcyon/s1-bg  [312/348]
✓ quill/s4-fg  [313/348]
✓ halcyon/s1-mid  [314/348]
✓ halcyon/s1-fg  [315/348]
✓ halcyon/s2-bg  [316/348]
✓ halcyon/s2-mid  [317/348]
✓ halcyon/s2-fg  [318/348]
✓ halcyon/s3-mid  [319/348]
✓ halcyon/s3-fg  [320/348]
✓ halcyon/s4-bg  [321/348]
✓ halcyon/s4-mid  [322/348]
✓ halcyon/s3-bg  [323/348]
✓ halcyon/s4-fg  [324/348]
✓ dunes/s1-bg  [325/348]
✓ dunes/s1-mid  [326/348]
✓ dunes/s1-fg  [327/348]
✓ dunes/s2-bg  [328/348]
✓ dunes/s2-fg  [329/348]
✓ dunes/s2-mid  [330/348]
✓ dunes/s3-bg  [331/348]
✓ dunes/s3-mid  [332/348]
✓ dunes/s3-fg  [333/348]
✓ dunes/s4-bg  [334/348]
✓ dunes/s4-mid  [335/348]
✓ dunes/s4-fg  [336/348]
✓ lumen/s1-bg  [337/348]
✓ lumen/s1-mid  [338/348]
✓ lumen/s1-fg  [339/348]
✓ lumen/s2-bg  [340/348]
✓ lumen/s2-mid  [341/348]
✓ lumen/s2-fg  [342/348]
✓ lumen/s3-bg  [343/348]
✓ lumen/s3-mid  [344/348]
✓ lumen/s3-fg  [345/348]
✓ lumen/s4-bg  [346/348]
✓ lumen/s4-mid  [347/348]
✓ lumen/s4-fg  [348/348]

ИТОГ: done 348, fail 0, всего готово 360/360
